Archive member included to satisfy reference by file (symbol)

D:/STM32CubeIDE_2.1.1/STM32CubeIDE/plugins/com.st.stm32cube.ide.mcu.externaltools.gnu-tools-for-stm32.14.3.rel1.win32_1.0.100.202602081740/tools/bin/../lib/gcc/arm-none-eabi/14.3.1/../../../../arm-none-eabi/lib/thumb/v7-m/nofp\libc_nano.a(libc_a-exit.o)
                              D:/STM32CubeIDE_2.1.1/STM32CubeIDE/plugins/com.st.stm32cube.ide.mcu.externaltools.gnu-tools-for-stm32.14.3.rel1.win32_1.0.100.202602081740/tools/bin/../lib/gcc/arm-none-eabi/14.3.1/../../../../arm-none-eabi/lib/thumb/v7-m/nofp/crt0.o (exit)
D:/STM32CubeIDE_2.1.1/STM32CubeIDE/plugins/com.st.stm32cube.ide.mcu.externaltools.gnu-tools-for-stm32.14.3.rel1.win32_1.0.100.202602081740/tools/bin/../lib/gcc/arm-none-eabi/14.3.1/../../../../arm-none-eabi/lib/thumb/v7-m/nofp\libc_nano.a(libc_a-strtol.o)
                              ./Core/Src/freertos.o (strtol)
D:/STM32CubeIDE_2.1.1/STM32CubeIDE/plugins/com.st.stm32cube.ide.mcu.externaltools.gnu-tools-for-stm32.14.3.rel1.win32_1.0.100.202602081740/tools/bin/../lib/gcc/arm-none-eabi/14.3.1/../../../../arm-none-eabi/lib/thumb/v7-m/nofp\libc_nano.a(libc_a-ctype_.o)
                              D:/STM32CubeIDE_2.1.1/STM32CubeIDE/plugins/com.st.stm32cube.ide.mcu.externaltools.gnu-tools-for-stm32.14.3.rel1.win32_1.0.100.202602081740/tools/bin/../lib/gcc/arm-none-eabi/14.3.1/../../../../arm-none-eabi/lib/thumb/v7-m/nofp\libc_nano.a(libc_a-strtol.o) (_ctype_)
D:/STM32CubeIDE_2.1.1/STM32CubeIDE/plugins/com.st.stm32cube.ide.mcu.externaltools.gnu-tools-for-stm32.14.3.rel1.win32_1.0.100.202602081740/tools/bin/../lib/gcc/arm-none-eabi/14.3.1/../../../../arm-none-eabi/lib/thumb/v7-m/nofp\libc_nano.a(libc_a-findfp.o)
                              D:/STM32CubeIDE_2.1.1/STM32CubeIDE/plugins/com.st.stm32cube.ide.mcu.externaltools.gnu-tools-for-stm32.14.3.rel1.win32_1.0.100.202602081740/tools/bin/../lib/gcc/arm-none-eabi/14.3.1/../../../../arm-none-eabi/lib/thumb/v7-m/nofp\libc_nano.a(libc_a-exit.o) (__stdio_exit_handler)
D:/STM32CubeIDE_2.1.1/STM32CubeIDE/plugins/com.st.stm32cube.ide.mcu.externaltools.gnu-tools-for-stm32.14.3.rel1.win32_1.0.100.202602081740/tools/bin/../lib/gcc/arm-none-eabi/14.3.1/../../../../arm-none-eabi/lib/thumb/v7-m/nofp\libc_nano.a(libc_a-fwalk.o)
                              D:/STM32CubeIDE_2.1.1/STM32CubeIDE/plugins/com.st.stm32cube.ide.mcu.externaltools.gnu-tools-for-stm32.14.3.rel1.win32_1.0.100.202602081740/tools/bin/../lib/gcc/arm-none-eabi/14.3.1/../../../../arm-none-eabi/lib/thumb/v7-m/nofp\libc_nano.a(libc_a-findfp.o) (_fwalk_sglue)
D:/STM32CubeIDE_2.1.1/STM32CubeIDE/plugins/com.st.stm32cube.ide.mcu.externaltools.gnu-tools-for-stm32.14.3.rel1.win32_1.0.100.202602081740/tools/bin/../lib/gcc/arm-none-eabi/14.3.1/../../../../arm-none-eabi/lib/thumb/v7-m/nofp\libc_nano.a(libc_a-sprintf.o)
                              ./Core/Src/freertos.o (sprintf)
D:/STM32CubeIDE_2.1.1/STM32CubeIDE/plugins/com.st.stm32cube.ide.mcu.externaltools.gnu-tools-for-stm32.14.3.rel1.win32_1.0.100.202602081740/tools/bin/../lib/gcc/arm-none-eabi/14.3.1/../../../../arm-none-eabi/lib/thumb/v7-m/nofp\libc_nano.a(libc_a-stdio.o)
                              D:/STM32CubeIDE_2.1.1/STM32CubeIDE/plugins/com.st.stm32cube.ide.mcu.externaltools.gnu-tools-for-stm32.14.3.rel1.win32_1.0.100.202602081740/tools/bin/../lib/gcc/arm-none-eabi/14.3.1/../../../../arm-none-eabi/lib/thumb/v7-m/nofp\libc_nano.a(libc_a-findfp.o) (__sread)
D:/STM32CubeIDE_2.1.1/STM32CubeIDE/plugins/com.st.stm32cube.ide.mcu.externaltools.gnu-tools-for-stm32.14.3.rel1.win32_1.0.100.202602081740/tools/bin/../lib/gcc/arm-none-eabi/14.3.1/../../../../arm-none-eabi/lib/thumb/v7-m/nofp\libc_nano.a(libc_a-memset.o)
                              D:/STM32CubeIDE_2.1.1/STM32CubeIDE/plugins/com.st.stm32cube.ide.mcu.externaltools.gnu-tools-for-stm32.14.3.rel1.win32_1.0.100.202602081740/tools/bin/../lib/gcc/arm-none-eabi/14.3.1/../../../../arm-none-eabi/lib/thumb/v7-m/nofp/crt0.o (memset)
D:/STM32CubeIDE_2.1.1/STM32CubeIDE/plugins/com.st.stm32cube.ide.mcu.externaltools.gnu-tools-for-stm32.14.3.rel1.win32_1.0.100.202602081740/tools/bin/../lib/gcc/arm-none-eabi/14.3.1/../../../../arm-none-eabi/lib/thumb/v7-m/nofp\libc_nano.a(libc_a-closer.o)
                              D:/STM32CubeIDE_2.1.1/STM32CubeIDE/plugins/com.st.stm32cube.ide.mcu.externaltools.gnu-tools-for-stm32.14.3.rel1.win32_1.0.100.202602081740/tools/bin/../lib/gcc/arm-none-eabi/14.3.1/../../../../arm-none-eabi/lib/thumb/v7-m/nofp\libc_nano.a(libc_a-stdio.o) (_close_r)
D:/STM32CubeIDE_2.1.1/STM32CubeIDE/plugins/com.st.stm32cube.ide.mcu.externaltools.gnu-tools-for-stm32.14.3.rel1.win32_1.0.100.202602081740/tools/bin/../lib/gcc/arm-none-eabi/14.3.1/../../../../arm-none-eabi/lib/thumb/v7-m/nofp\libc_nano.a(libc_a-reent.o)
[...]
Memory Configuration

Name             Origin             Length             Attributes
RAM              0x20000000         0x00005000         xrw
FLASH            0x08000000         0x00010000         xr
*default*        0x00000000         0xffffffff

Linker script and memory map

LOAD D:/STM32CubeIDE_2.1.1/STM32CubeIDE/plugins/com.st.stm32cube.ide.mcu.externaltools.gnu-tools-for-stm32.14.3.rel1.win32_1.0.100.202602081740/tools/bin/../lib/gcc/arm-none-eabi/14.3.1/thumb/v7-m/nofp/crti.o
LOAD D:/STM32CubeIDE_2.1.1/STM32CubeIDE/plugins/com.st.stm32cube.ide.mcu.externaltools.gnu-tools-for-stm32.14.3.rel1.win32_1.0.100.202602081740/tools/bin/../lib/gcc/arm-none-eabi/14.3.1/thumb/v7-m/nofp/crtbegin.o
LOAD D:/STM32CubeIDE_2.1.1/STM32CubeIDE/plugins/com.st.stm32cube.ide.mcu.externaltools.gnu-tools-for-stm32.14.3.rel1.win32_1.0.100.202602081740/tools/bin/../lib/gcc/arm-none-eabi/14.3.1/../../../../arm-none-eabi/lib/thumb/v7-m/nofp/crt0.o
LOAD ./Core/Src/freertos.o
LOAD ./Core/Src/main.o
LOAD ./Core/Src/mcp2515.o
LOAD ./Core/Src/stm32f1xx_hal_msp.o
LOAD ./Core/Src/stm32f1xx_it.o
LOAD ./Core/Src/syscalls.o
LOAD ./Core/Src/sysmem.o
LOAD ./Core/Src/system_stm32f1xx.o
LOAD ./Core/Startup/startup_stm32f103c8tx.o
LOAD ./Drivers/STM32F1xx_HAL_Driver/Src/stm32f1xx_hal.o
LOAD ./Drivers/STM32F1xx_HAL_Driver/Src/stm32f1xx_hal_cortex.o
LOAD ./Drivers/STM32F1xx_HAL_Driver/Src/stm32f1xx_hal_dma.o
LOAD ./Drivers/STM32F1xx_HAL_Driver/Src/stm32f1xx_hal_exti.o
LOAD ./Drivers/STM32F1xx_HAL_Driver/Src/stm32f1xx_hal_flash.o
LOAD ./Drivers/STM32F1xx_HAL_Driver/Src/stm32f1xx_hal_flash_ex.o
LOAD ./Drivers/STM32F1xx_HAL_Driver/Src/stm32f1xx_hal_gpio.o
LOAD ./Drivers/STM32F1xx_HAL_Driver/Src/stm32f1xx_hal_gpio_ex.o
LOAD ./Drivers/STM32F1xx_HAL_Driver/Src/stm32f1xx_hal_pwr.o
LOAD ./Drivers/STM32F1xx_HAL_Driver/Src/stm32f1xx_hal_rcc.o
LOAD ./Drivers/STM32F1xx_HAL_Driver/Src/stm32f1xx_hal_rcc_ex.o
LOAD ./Drivers/STM32F1xx_HAL_Driver/Src/stm32f1xx_hal_spi.o
LOAD ./Drivers/STM32F1xx_HAL_Driver/Src/stm32f1xx_hal_uart.o
LOAD ./Middlewares/Third_Party/FreeRTOS/Source/CMSIS_RTOS_V2/cmsis_os2.o
LOAD ./Middlewares/Third_Party/FreeRTOS/Source/croutine.o
LOAD ./Middlewares/Third_Party/FreeRTOS/Source/event_groups.o
LOAD ./Middlewares/Third_Party/FreeRTOS/Source/list.o
LOAD ./Middlewares/Third_Party/FreeRTOS/Source/queue.o
LOAD ./Middlewares/Third_Party/FreeRTOS/Source/stream_buffer.o
LOAD ./Middlewares/Third_Party/FreeRTOS/Source/tasks.o
LOAD ./Middlewares/Third_Party/FreeRTOS/Source/timers.o
LOAD ./Middlewares/Third_Party/FreeRTOS/Source/portable/GCC/ARM_CM3/port.o
LOAD ./Middlewares/Third_Party/FreeRTOS/Source/portable/MemMang/heap_4.o
START GROUP
LOAD D:/STM32CubeIDE_2.1.1/STM32CubeIDE/plugins/com.st.stm32cube.ide.mcu.externaltools.gnu-tools-for-stm32.14.3.rel1.win32_1.0.100.202602081740/tools/bin/../lib/gcc/arm-none-eabi/14.3.1/../../../../arm-none-eabi/lib/thumb/v7-m/nofp\libc_nano.a
LOAD D:/STM32CubeIDE_2.1.1/STM32CubeIDE/plugins/com.st.stm32cube.ide.mcu.externaltools.gnu-tools-for-stm32.14.3.rel1.win32_1.0.100.202602081740/tools/bin/../lib/gcc/arm-none-eabi/14.3.1/../../../../arm-none-eabi/lib/thumb/v7-m/nofp\libm.a
END GROUP
START GROUP
LOAD D:/STM32CubeIDE_2.1.1/STM32CubeIDE/plugins/com.st.stm32cube.ide.mcu.externaltools.gnu-tools-for-stm32.14.3.rel1.win32_1.0.100.202602081740/tools/bin/../lib/gcc/arm-none-eabi/14.3.1/thumb/v7-m/nofp\libgcc.a
LOAD D:/STM32CubeIDE_2.1.1/STM32CubeIDE/plugins/com.st.stm32cube.ide.mcu.externaltools.gnu-tools-for-stm32.14.3.rel1.win32_1.0.100.202602081740/tools/bin/../lib/gcc/arm-none-eabi/14.3.1/../../../../arm-none-eabi/lib/thumb/v7-m/nofp\libc_nano.a
END GROUP
START GROUP
LOAD D:/STM32CubeIDE_2.1.1/STM32CubeIDE/plugins/com.st.stm32cube.ide.mcu.externaltools.gnu-tools-for-stm32.14.3.rel1.win32_1.0.100.202602081740/tools/bin/../lib/gcc/arm-none-eabi/14.3.1/thumb/v7-m/nofp\libgcc.a
LOAD D:/STM32CubeIDE_2.1.1/STM32CubeIDE/plugins/com.st.stm32cube.ide.mcu.externaltools.gnu-tools-for-stm32.14.3.rel1.win32_1.0.100.202602081740/tools/bin/../lib/gcc/arm-none-eabi/14.3.1/../../../../arm-none-eabi/lib/thumb/v7-m/nofp\libc_nano.a
LOAD D:/STM32CubeIDE_2.1.1/STM32CubeIDE/plugins/com.st.stm32cube.ide.mcu.externaltools.gnu-tools-for-stm32.14.3.rel1.win32_1.0.100.202602081740/tools/bin/../lib/gcc/arm-none-eabi/14.3.1/../../../../arm-none-eabi/lib/thumb/v7-m/nofp\libnosys.a
END GROUP
START GROUP
LOAD D:/STM32CubeIDE_2.1.1/STM32CubeIDE/plugins/com.st.stm32cube.ide.mcu.externaltools.gnu-tools-for-stm32.14.3.rel1.win32_1.0.100.202602081740/tools/bin/../lib/gcc/arm-none-eabi/14.3.1/thumb/v7-m/nofp\libgcc.a
LOAD D:/STM32CubeIDE_2.1.1/STM32CubeIDE/plugins/com.st.stm32cube.ide.mcu.externaltools.gnu-tools-for-stm32.14.3.rel1.win32_1.0.100.202602081740/tools/bin/../lib/gcc/arm-none-eabi/14.3.1/../../../../arm-none-eabi/lib/thumb/v7-m/nofp\libc_nano.a
LOAD D:/STM32CubeIDE_2.1.1/STM32CubeIDE/plugins/com.st.stm32cube.ide.mcu.externaltools.gnu-tools-for-stm32.14.3.rel1.win32_1.0.100.202602081740/tools/bin/../lib/gcc/arm-none-eabi/14.3.1/../../../../arm-none-eabi/lib/thumb/v7-m/nofp\libnosys.a
END GROUP
LOAD D:/STM32CubeIDE_2.1.1/STM32CubeIDE/plugins/com.st.stm32cube.ide.mcu.externaltools.gnu-tools-for-stm32.14.3.rel1.win32_1.0.100.202602081740/tools/bin/../lib/gcc/arm-none-eabi/14.3.1/thumb/v7-m/nofp/crtend.o
LOAD D:/STM32CubeIDE_2.1.1/STM32CubeIDE/plugins/com.st.stm32cube.ide.mcu.externaltools.gnu-tools-for-stm32.14.3.rel1.win32_1.0.100.202602081740/tools/bin/../lib/gcc/arm-none-eabi/14.3.1/thumb/v7-m/nofp/crtn.o
                0x20005000                        _estack = (ORIGIN (RAM) + LENGTH (RAM))
                0x00000200                        _Min_Heap_Size = 0x200
                0x00000400                        _Min_Stack_Size = 0x400

.isr_vector     0x08000000      0x10c
                0x08000000                        . = ALIGN (0x4)
 *(.isr_vector)
 .isr_vector    0x08000000      0x10c ./Core/Startup/startup_stm32f103c8tx.o
                0x08000000                g_pfnVectors
                0x0800010c                        . = ALIGN (0x4)

.text           0x08000110     0x73e8
                0x08000110                        . = ALIGN (0x4)
 *(.text)
 .text          0x08000110       0x40 D:/STM32CubeIDE_2.1.1/STM32CubeIDE/plugins/com.st.stm32cube.ide.mcu.externaltools.gnu-tools-for-stm32.14.3.rel1.win32_1.0.100.202602081740/tools/bin/../lib/gcc/arm-none-eabi/14.3.1/thumb/v7-m/nofp/crtbegin.o
 .text          0x08000150       0x10 D:/STM32CubeIDE_2.1.1/STM32CubeIDE/plugins/com.st.stm32cube.ide.mcu.externaltools.gnu-tools-for-stm32.14.3.rel1.win32_1.0.100.202602081740/tools/bin/../lib/gcc/arm-none-eabi/14.3.1/../../../../arm-none-eabi/lib/thumb/v7-m/nofp\libc_nano.a(libc_a-strlen.o)
                0x08000150                strlen
 *(.text*)
 .text.MX_FREERTOS_Init
                0x08000160       0x18 ./Core/Src/freertos.o
                0x08000160                MX_FREERTOS_Init
 .text.vApplicationStackOverflowHook
                0x08000178       0x48 ./Core/Src/freertos.o
                0x08000178                vApplicationStackOverflowHook
 .text.HAL_UART_RxCpltCallback
                0x080001c0       0xa4 ./Core/Src/freertos.o
                0x080001c0                HAL_UART_RxCpltCallback
 .text.slcan_parse
                0x08000264      0x27c ./Core/Src/freertos.o
                0x08000264                slcan_parse
 .text.slcan_receive
                0x080004e0      0x158 ./Core/Src/freertos.o
                0x080004e0                slcan_receive
 .text.StartDefaultTask
                0x08000638       0x24 ./Core/Src/freertos.o
                0x08000638                StartDefaultTask
 .text.StartCANTxTask
                0x0800065c       0x9c ./Core/Src/freertos.o
                0x0800065c                StartCANTxTask
 .text.StartUARTLogTask
                0x080006f8       0x12 ./Core/Src/freertos.o
                0x080006f8                StartUARTLogTask
 *fill*         0x0800070a        0x2 
 .text.main     0x0800070c       0xb0 ./Core/Src/main.o
                0x0800070c                main
 .text.SystemClock_Config
                0x080007bc       0x86 ./Core/Src/main.o
                0x080007bc                SystemClock_Config
 *fill*         0x08000842        0x2 
 .text.MX_SPI1_Init
                0x08000844       0x6c ./Core/Src/main.o
 .text.MX_USART1_UART_Init
                0x080008b0       0x54 ./Core/Src/main.o
 .text.MX_GPIO_Init
                0x08000904       0xf4 ./Core/Src/main.o
 .text.Error_Handler
                0x080009f8        0xc ./Core/Src/main.o
                0x080009f8                Error_Handler
 .text.MCP2515_Select
                0x08000a04       0x18 ./Core/Src/mcp2515.o
                0x08000a04                MCP2515_Select
 .text.MCP2515_Deselect
                0x08000a1c       0x18 ./Core/Src/mcp2515.o
                0x08000a1c                MCP2515_Deselect
 .text.MCP2515_ReadRegister
                0x08000a34       0x50 ./Core/Src/mcp2515.o
                0x08000a34                MCP2515_ReadRegister
 .text.MCP2515_WriteRegister
                0x08000a84       0x50 ./Core/Src/mcp2515.o
                0x08000a84                MCP2515_WriteRegister
 .text.MCP2515_Reset
                0x08000ad4       0x30 ./Core/Src/mcp2515.o
                0x08000ad4                MCP2515_Reset
 .text.MCP2515_Init
                0x08000b04       0x62 ./Core/Src/mcp2515.o
                0x08000b04                MCP2515_Init
 *fill*         0x08000b66        0x2 
 .text.MCP2515_SendFrame
                0x08000b68       0xcc ./Core/Src/mcp2515.o
                0x08000b68                MCP2515_SendFrame
 .text.HAL_MspInit
                0x08000c34       0x70 ./Core/Src/stm32f1xx_hal_msp.o
                0x08000c34                HAL_MspInit
 .text.HAL_SPI_MspInit
                0x08000ca4       0x94 ./Core/Src/stm32f1xx_hal_msp.o
                0x08000ca4                HAL_SPI_MspInit
 .text.HAL_UART_MspInit
                0x08000d38       0xa8 ./Core/Src/stm32f1xx_hal_msp.o
                0x08000d38                HAL_UART_MspInit
 .text.NMI_Handler
                0x08000de0        0x8 ./Core/Src/stm32f1xx_it.o
                0x08000de0                NMI_Handler
 .text.HardFault_Handler
                0x08000de8        0x8 ./Core/Src/stm32f1xx_it.o
                0x08000de8                HardFault_Handler
 .text.MemManage_Handler
                0x08000df0        0x8 ./Core/Src/stm32f1xx_it.o
                0x08000df0                MemManage_Handler
 .text.BusFault_Handler
                0x08000df8        0x8 ./Core/Src/stm32f1xx_it.o
                0x08000df8                BusFault_Handler
 .text.UsageFault_Handler
                0x08000e00        0x8 ./Core/Src/stm32f1xx_it.o
                0x08000e00                UsageFault_Handler
 .text.DebugMon_Handler
                0x08000e08        0xc ./Core/Src/stm32f1xx_it.o
                0x08000e08                DebugMon_Handler
 .text.SysTick_Handler
                0x08000e14       0x1a ./Core/Src/stm32f1xx_it.o
                0x08000e14                SysTick_Handler
 *fill*         0x08000e2e        0x2 
 .text.USART1_IRQHandler
                0x08000e30       0x14 ./Core/Src/stm32f1xx_it.o
                0x08000e30                USART1_IRQHandler
 .text._sbrk    0x08000e44       0x6c ./Core/Src/sysmem.o
                0x08000e44                _sbrk
 .text.SystemInit
                0x08000eb0        0xc ./Core/Src/system_stm32f1xx.o
                0x08000eb0                SystemInit
 .text.Reset_Handler
                0x08000ebc       0x48 ./Core/Startup/startup_stm32f103c8tx.o
                0x08000ebc                Reset_Handler
 .text.Default_Handler
                0x08000f04        0x2 ./Core/Startup/startup_stm32f103c8tx.o
                0x08000f04                RTC_Alarm_IRQHandler
                0x08000f04                EXTI2_IRQHandler
                0x08000f04                TIM1_CC_IRQHandler
                0x08000f04                PVD_IRQHandler
                0x08000f04                EXTI3_IRQHandler
                0x08000f04                EXTI0_IRQHandler
                0x08000f04                I2C2_EV_IRQHandler
                0x08000f04                ADC1_2_IRQHandler
                0x08000f04                SPI1_IRQHandler
                0x08000f04                TAMPER_IRQHandler
                0x08000f04                DMA1_Channel4_IRQHandler
                0x08000f04                USART3_IRQHandler
                0x08000f04                RTC_IRQHandler
                0x08000f04                DMA1_Channel7_IRQHandler
                0x08000f04                CAN1_RX1_IRQHandler
                0x08000f04                TIM4_IRQHandler
                0x08000f04                I2C1_EV_IRQHandler
                0x08000f04                DMA1_Channel6_IRQHandler
                0x08000f04                TIM3_IRQHandler
                0x08000f04                RCC_IRQHandler
                0x08000f04                TIM1_TRG_COM_IRQHandler
                0x08000f04                DMA1_Channel1_IRQHandler
                0x08000f04                Default_Handler
                0x08000f04                EXTI15_10_IRQHandler
                0x08000f04                EXTI9_5_IRQHandler
                0x08000f04                SPI2_IRQHandler
                0x08000f04                DMA1_Channel5_IRQHandler
                0x08000f04                EXTI4_IRQHandler
                0x08000f04                USB_LP_CAN1_RX0_IRQHandler
                0x08000f04                USB_HP_CAN1_TX_IRQHandler
                0x08000f04                DMA1_Channel3_IRQHandler
                0x08000f04                TIM1_UP_IRQHandler
                0x08000f04                WWDG_IRQHandler
                0x08000f04                TIM2_IRQHandler
                0x08000f04                TIM1_BRK_IRQHandler
                0x08000f04                EXTI1_IRQHandler
                0x08000f04                USART2_IRQHandler
                0x08000f04                I2C2_ER_IRQHandler
                0x08000f04                DMA1_Channel2_IRQHandler
                0x08000f04                CAN1_SCE_IRQHandler
                0x08000f04                FLASH_IRQHandler
                0x08000f04                I2C1_ER_IRQHandler
                0x08000f04                USBWakeUp_IRQHandler
 *fill*         0x08000f06        0x2 
 .text.HAL_Init
                0x08000f08       0x2c ./Drivers/STM32F1xx_HAL_Driver/Src/stm32f1xx_hal.o
                0x08000f08                HAL_Init
 .text.HAL_InitTick
                0x08000f34       0x60 ./Drivers/STM32F1xx_HAL_Driver/Src/stm32f1xx_hal.o
                0x08000f34                HAL_InitTick
 .text.HAL_IncTick
                0x08000f94       0x24 ./Drivers/STM32F1xx_HAL_Driver/Src/stm32f1xx_hal.o
                0x08000f94                HAL_IncTick
 .text.HAL_GetTick
                0x08000fb8       0x14 ./Drivers/STM32F1xx_HAL_Driver/Src/stm32f1xx_hal.o
                0x08000fb8                HAL_GetTick
 .text.HAL_Delay
                0x08000fcc       0x48 ./Drivers/STM32F1xx_HAL_Driver/Src/stm32f1xx_hal.o
                0x08000fcc                HAL_Delay
 .text.__NVIC_SetPriorityGrouping
                0x08001014       0x48 ./Drivers/STM32F1xx_HAL_Driver/Src/stm32f1xx_hal_cortex.o
 .text.__NVIC_GetPriorityGrouping
                0x0800105c       0x1c ./Drivers/STM32F1xx_HAL_Driver/Src/stm32f1xx_hal_cortex.o
 .text.__NVIC_EnableIRQ
                0x08001078       0x38 ./Drivers/STM32F1xx_HAL_Driver/Src/stm32f1xx_hal_cortex.o
 .text.__NVIC_SetPriority
                0x080010b0       0x54 ./Drivers/STM32F1xx_HAL_Driver/Src/stm32f1xx_hal_cortex.o
 .text.NVIC_EncodePriority
                0x08001104       0x64 ./Drivers/STM32F1xx_HAL_Driver/Src/stm32f1xx_hal_cortex.o
 .text.SysTick_Config
                0x08001168       0x44 ./Drivers/STM32F1xx_HAL_Driver/Src/stm32f1xx_hal_cortex.o
 .text.HAL_NVIC_SetPriorityGrouping
                0x080011ac       0x16 ./Drivers/STM32F1xx_HAL_Driver/Src/stm32f1xx_hal_cortex.o
                0x080011ac                HAL_NVIC_SetPriorityGrouping
 .text.HAL_NVIC_SetPriority
                0x080011c2       0x38 ./Drivers/STM32F1xx_HAL_Driver/Src/stm32f1xx_hal_cortex.o
                0x080011c2                HAL_NVIC_SetPriority
 .text.HAL_NVIC_EnableIRQ
                0x080011fa       0x1c ./Drivers/STM32F1xx_HAL_Driver/Src/stm32f1xx_hal_cortex.o
                0x080011fa                HAL_NVIC_EnableIRQ
 .text.HAL_SYSTICK_Config
                0x08001216       0x18 ./Drivers/STM32F1xx_HAL_Driver/Src/stm32f1xx_hal_cortex.o
                0x08001216                HAL_SYSTICK_Config
 .text.HAL_DMA_Abort
                0x0800122e       0x76 ./Drivers/STM32F1xx_HAL_Driver/Src/stm32f1xx_hal_dma.o
                0x0800122e                HAL_DMA_Abort
 .text.HAL_DMA_Abort_IT
                0x080012a4       0xf0 ./Drivers/STM32F1xx_HAL_Driver/Src/stm32f1xx_hal_dma.o
                0x080012a4                HAL_DMA_Abort_IT
 .text.HAL_GPIO_Init
                0x08001394      0x308 ./Drivers/STM32F1xx_HAL_Driver/Src/stm32f1xx_hal_gpio.o
                0x08001394                HAL_GPIO_Init
 .text.HAL_GPIO_WritePin
                0x0800169c       0x30 ./Drivers/STM32F1xx_HAL_Driver/Src/stm32f1xx_hal_gpio.o
                0x0800169c                HAL_GPIO_WritePin
 .text.HAL_GPIO_TogglePin
                0x080016cc       0x32 ./Drivers/STM32F1xx_HAL_Driver/Src/stm32f1xx_hal_gpio.o
                0x080016cc                HAL_GPIO_TogglePin
 *fill*         0x080016fe        0x2 
 .text.HAL_RCC_OscConfig
                0x08001700      0x504 ./Drivers/STM32F1xx_HAL_Driver/Src/stm32f1xx_hal_rcc.o
                0x08001700                HAL_RCC_OscConfig
 .text.HAL_RCC_ClockConfig
                0x08001c04      0x1d4 ./Drivers/STM32F1xx_HAL_Driver/Src/stm32f1xx_hal_rcc.o
                0x08001c04                HAL_RCC_ClockConfig
 .text.HAL_RCC_GetSysClockFreq
                0x08001dd8       0xa8 ./Drivers/STM32F1xx_HAL_Driver/Src/stm32f1xx_hal_rcc.o
                0x08001dd8                HAL_RCC_GetSysClockFreq
 .text.HAL_RCC_GetHCLKFreq
                0x08001e80       0x14 ./Drivers/STM32F1xx_HAL_Driver/Src/stm32f1xx_hal_rcc.o
                0x08001e80                HAL_RCC_GetHCLKFreq
 .text.HAL_RCC_GetPCLK1Freq
                0x08001e94       0x28 ./Drivers/STM32F1xx_HAL_Driver/Src/stm32f1xx_hal_rcc.o
                0x08001e94                HAL_RCC_GetPCLK1Freq
 .text.HAL_RCC_GetPCLK2Freq
                0x08001ebc       0x28 ./Drivers/STM32F1xx_HAL_Driver/Src/stm32f1xx_hal_rcc.o
                0x08001ebc                HAL_RCC_GetPCLK2Freq
 .text.RCC_Delay
                0x08001ee4       0x3c ./Drivers/STM32F1xx_HAL_Driver/Src/stm32f1xx_hal_rcc.o
 .text.HAL_SPI_Init
                0x08001f20      0x108 ./Drivers/STM32F1xx_HAL_Driver/Src/stm32f1xx_hal_spi.o
                0x08001f20                HAL_SPI_Init
 .text.HAL_SPI_Transmit
                0x08002028      0x288 ./Drivers/STM32F1xx_HAL_Driver/Src/stm32f1xx_hal_spi.o
                0x08002028                HAL_SPI_Transmit
 .text.HAL_SPI_Receive
                0x080022b0      0x232 ./Drivers/STM32F1xx_HAL_Driver/Src/stm32f1xx_hal_spi.o
                0x080022b0                HAL_SPI_Receive
 .text.HAL_SPI_TransmitReceive
                0x080024e2      0x352 ./Drivers/STM32F1xx_HAL_Driver/Src/stm32f1xx_hal_spi.o
                0x080024e2                HAL_SPI_TransmitReceive
 .text.SPI_WaitFlagStateUntilTimeout
                0x08002834      0x110 ./Drivers/STM32F1xx_HAL_Driver/Src/stm32f1xx_hal_spi.o
 .text.SPI_EndRxTransaction
                0x08002944       0xa4 ./Drivers/STM32F1xx_HAL_Driver/Src/stm32f1xx_hal_spi.o
 .text.SPI_EndRxTxTransaction
                0x080029e8       0x62 ./Drivers/STM32F1xx_HAL_Driver/Src/stm32f1xx_hal_spi.o
 .text.HAL_UART_Init
                0x08002a4a       0xa0 ./Drivers/STM32F1xx_HAL_Driver/Src/stm32f1xx_hal_uart.o
                0x08002a4a                HAL_UART_Init
 .text.HAL_UART_Transmit
                0x08002aea      0x116 ./Drivers/STM32F1xx_HAL_Driver/Src/stm32f1xx_hal_uart.o
                0x08002aea                HAL_UART_Transmit
 .text.HAL_UART_Receive_IT
                0x08002c00       0x4a ./Drivers/STM32F1xx_HAL_Driver/Src/stm32f1xx_hal_uart.o
                0x08002c00                HAL_UART_Receive_IT
 *fill*         0x08002c4a        0x2 
 .text.HAL_UART_IRQHandler
                0x08002c4c      0x524 ./Drivers/STM32F1xx_HAL_Driver/Src/stm32f1xx_hal_uart.o
                0x08002c4c                HAL_UART_IRQHandler
 .text.HAL_UART_TxCpltCallback
                0x08003170       0x12 ./Drivers/STM32F1xx_HAL_Driver/Src/stm32f1xx_hal_uart.o
                0x08003170                HAL_UART_TxCpltCallback
 .text.HAL_UART_ErrorCallback
                0x08003182       0x12 ./Drivers/STM32F1xx_HAL_Driver/Src/stm32f1xx_hal_uart.o
                0x08003182                HAL_UART_ErrorCallback
 .text.HAL_UARTEx_RxEventCallback
                0x08003194       0x16 ./Drivers/STM32F1xx_HAL_Driver/Src/stm32f1xx_hal_uart.o
                0x08003194                HAL_UARTEx_RxEventCallback
 .text.UART_WaitOnFlagUntilTimeout
                0x080031aa       0xb2 ./Drivers/STM32F1xx_HAL_Driver/Src/stm32f1xx_hal_uart.o
 .text.UART_Start_Receive_IT
                0x0800325c       0x72 ./Drivers/STM32F1xx_HAL_Driver/Src/stm32f1xx_hal_uart.o
                0x0800325c                UART_Start_Receive_IT
 .text.UART_EndRxTransfer
                0x080032ce       0xc4 ./Drivers/STM32F1xx_HAL_Driver/Src/stm32f1xx_hal_uart.o
 .text.UART_DMAAbortOnError
                0x08003392       0x28 ./Drivers/STM32F1xx_HAL_Driver/Src/stm32f1xx_hal_uart.o
 .text.UART_Transmit_IT
                0x080033ba       0x9e ./Drivers/STM32F1xx_HAL_Driver/Src/stm32f1xx_hal_uart.o
 .text.UART_EndTransmit_IT
                0x08003458       0x30 ./Drivers/STM32F1xx_HAL_Driver/Src/stm32f1xx_hal_uart.o
 .text.UART_Receive_IT
                0x08003488      0x17c ./Drivers/STM32F1xx_HAL_Driver/Src/stm32f1xx_hal_uart.o
 .text.UART_SetConfig
                0x08003604      0x11c ./Drivers/STM32F1xx_HAL_Driver/Src/stm32f1xx_hal_uart.o
 .text.__NVIC_SetPriority
                0x08003720       0x54 ./Middlewares/Third_Party/FreeRTOS/Source/CMSIS_RTOS_V2/cmsis_os2.o
 .text.SVC_Setup
                0x08003774       0x12 ./Middlewares/Third_Party/FreeRTOS/Source/CMSIS_RTOS_V2/cmsis_os2.o
 *fill*         0x08003786        0x2 
 .text.osKernelInitialize
                0x08003788       0x44 ./Middlewares/Third_Party/FreeRTOS/Source/CMSIS_RTOS_V2/cmsis_os2.o
                0x08003788                osKernelInitialize
 .text.osKernelStart
                0x080037cc       0x4c ./Middlewares/Third_Party/FreeRTOS/Source/CMSIS_RTOS_V2/cmsis_os2.o
                0x080037cc                osKernelStart
 .text.osThreadNew
                0x08003818      0x124 ./Middlewares/Third_Party/FreeRTOS/Source/CMSIS_RTOS_V2/cmsis_os2.o
                0x08003818                osThreadNew
 .text.osDelay  0x0800393c       0x36 ./Middlewares/Third_Party/FreeRTOS/Source/CMSIS_RTOS_V2/cmsis_os2.o
                0x0800393c                osDelay
 .text.osMutexNew
                0x08003972      0x10c ./Middlewares/Third_Party/FreeRTOS/Source/CMSIS_RTOS_V2/cmsis_os2.o
                0x08003972                osMutexNew
 .text.osMutexAcquire
                0x08003a7e       0x96 ./Middlewares/Third_Party/FreeRTOS/Source/CMSIS_RTOS_V2/cmsis_os2.o
                0x08003a7e                osMutexAcquire
 .text.osMutexRelease
                0x08003b14       0x7a ./Middlewares/Third_Party/FreeRTOS/Source/CMSIS_RTOS_V2/cmsis_os2.o
                0x08003b14                osMutexRelease
 *fill*         0x08003b8e        0x2 
 .text.vApplicationGetIdleTaskMemory
                0x08003b90       0x30 ./Middlewares/Third_Party/FreeRTOS/Source/CMSIS_RTOS_V2/cmsis_os2.o
                0x08003b90                vApplicationGetIdleTaskMemory
 .text.vApplicationGetTimerTaskMemory
                0x08003bc0       0x34 ./Middlewares/Third_Party/FreeRTOS/Source/CMSIS_RTOS_V2/cmsis_os2.o
                0x08003bc0                vApplicationGetTimerTaskMemory
 .text.vListInitialise
                0x08003bf4       0x3e ./Middlewares/Third_Party/FreeRTOS/Source/list.o
                0x08003bf4                vListInitialise
 .text.vListInitialiseItem
                0x08003c32       0x18 ./Middlewares/Third_Party/FreeRTOS/Source/list.o
                0x08003c32                vListInitialiseItem
 .text.vListInsertEnd
                0x08003c4a       0x46 ./Middlewares/Third_Party/FreeRTOS/Source/list.o
                0x08003c4a                vListInsertEnd
 .text.vListInsert
                0x08003c90       0x70 ./Middlewares/Third_Party/FreeRTOS/Source/list.o
                0x08003c90                vListInsert
 .text.uxListRemove
                0x08003d00       0x52 ./Middlewares/Third_Party/FreeRTOS/Source/list.o
                0x08003d00                uxListRemove
 *fill*         0x08003d52        0x2 
 .text.xQueueGenericReset
                0x08003d54       0xd4 ./Middlewares/Third_Party/FreeRTOS/Source/queue.o
                0x08003d54                xQueueGenericReset
 .text.xQueueGenericCreateStatic
                0x08003e28       0xfa ./Middlewares/Third_Party/FreeRTOS/Source/queue.o
                0x08003e28                xQueueGenericCreateStatic
 .text.xQueueGenericCreate
                0x08003f22       0x76 ./Middlewares/Third_Party/FreeRTOS/Source/queue.o
                0x08003f22                xQueueGenericCreate
 .text.prvInitialiseNewQueue
                0x08003f98       0x46 ./Middlewares/Third_Party/FreeRTOS/Source/queue.o
 .text.prvInitialiseMutex
                0x08003fde       0x34 ./Middlewares/Third_Party/FreeRTOS/Source/queue.o
 .text.xQueueCreateMutex
                0x08004012       0x30 ./Middlewares/Third_Party/FreeRTOS/Source/queue.o
                0x08004012                xQueueCreateMutex
 .text.xQueueCreateMutexStatic
                0x08004042       0x36 ./Middlewares/Third_Party/FreeRTOS/Source/queue.o
                0x08004042                xQueueCreateMutexStatic
 .text.xQueueGiveMutexRecursive
                0x08004078       0x6a ./Middlewares/Third_Party/FreeRTOS/Source/queue.o
                0x08004078                xQueueGiveMutexRecursive
 .text.xQueueTakeMutexRecursive
                0x080040e2       0x6e ./Middlewares/Third_Party/FreeRTOS/Source/queue.o
                0x080040e2                xQueueTakeMutexRecursive
 .text.xQueueGenericSend
                0x08004150      0x204 ./Middlewares/Third_Party/FreeRTOS/Source/queue.o
                0x08004150                xQueueGenericSend
 .text.xQueueGenericSendFromISR
                0x08004354      0x13c ./Middlewares/Third_Party/FreeRTOS/Source/queue.o
                0x08004354                xQueueGenericSendFromISR
 .text.xQueueReceive
                0x08004490      0x1c4 ./Middlewares/Third_Party/FreeRTOS/Source/queue.o
                0x08004490                xQueueReceive
 .text.xQueueSemaphoreTake
                0x08004654      0x220 ./Middlewares/Third_Party/FreeRTOS/Source/queue.o
                0x08004654                xQueueSemaphoreTake
 .text.prvGetDisinheritPriorityAfterTimeout
                0x08004874       0x2e ./Middlewares/Third_Party/FreeRTOS/Source/queue.o
 .text.prvCopyDataToQueue
                0x080048a2       0xd4 ./Middlewares/Third_Party/FreeRTOS/Source/queue.o
 .text.prvCopyDataFromQueue
                0x08004976       0x4c ./Middlewares/Third_Party/FreeRTOS/Source/queue.o
 .text.prvUnlockQueue
                0x080049c2       0xa4 ./Middlewares/Third_Party/FreeRTOS/Source/queue.o
 .text.prvIsQueueEmpty
                0x08004a66       0x2c ./Middlewares/Third_Party/FreeRTOS/Source/queue.o
 .text.prvIsQueueFull
                0x08004a92       0x30 ./Middlewares/Third_Party/FreeRTOS/Source/queue.o
 *fill*         0x08004ac2        0x2 
 .text.vQueueAddToRegistry
                0x08004ac4       0x50 ./Middlewares/Third_Party/FreeRTOS/Source/queue.o
                0x08004ac4                vQueueAddToRegistry
 .text.vQueueWaitForMessageRestricted
                0x08004b14       0x68 ./Middlewares/Third_Party/FreeRTOS/Source/queue.o
                0x08004b14                vQueueWaitForMessageRestricted
 .text.xTaskCreateStatic
                0x08004b7c       0xc0 ./Middlewares/Third_Party/FreeRTOS/Source/tasks.o
                0x08004b7c                xTaskCreateStatic
 .text.xTaskCreate
                0x08004c3c       0x8a ./Middlewares/Third_Party/FreeRTOS/Source/tasks.o
                0x08004c3c                xTaskCreate
 .text.prvInitialiseNewTask
                0x08004cc6      0x120 ./Middlewares/Third_Party/FreeRTOS/Source/tasks.o
 *fill*         0x08004de6        0x2 
 .text.prvAddNewTaskToReadyList
                0x08004de8       0xe0 ./Middlewares/Third_Party/FreeRTOS/Source/tasks.o
 .text.vTaskDelay
                0x08004ec8       0x6c ./Middlewares/Third_Party/FreeRTOS/Source/tasks.o
                0x08004ec8                vTaskDelay
 .text.vTaskStartScheduler
                0x08004f34       0xd0 ./Middlewares/Third_Party/FreeRTOS/Source/tasks.o
                0x08004f34                vTaskStartScheduler
 .text.vTaskSuspendAll
                0x08005004       0x1c ./Middlewares/Third_Party/FreeRTOS/Source/tasks.o
                0x08005004                vTaskSuspendAll
 .text.xTaskResumeAll
                0x08005020      0x13c ./Middlewares/Third_Party/FreeRTOS/Source/tasks.o
                0x08005020                xTaskResumeAll
 .text.xTaskGetTickCount
                0x0800515c       0x1c ./Middlewares/Third_Party/FreeRTOS/Source/tasks.o
                0x0800515c                xTaskGetTickCount
 .text.xTaskIncrementTick
                0x08005178      0x174 ./Middlewares/Third_Party/FreeRTOS/Source/tasks.o
                0x08005178                xTaskIncrementTick
 .text.vTaskSwitchContext
                0x080052ec      0x108 ./Middlewares/Third_Party/FreeRTOS/Source/tasks.o
                0x080052ec                vTaskSwitchContext
 .text.vTaskPlaceOnEventList
                0x080053f4       0x4c ./Middlewares/Third_Party/FreeRTOS/Source/tasks.o
                0x080053f4                vTaskPlaceOnEventList
 .text.vTaskPlaceOnEventListRestricted
                0x08005440       0x58 ./Middlewares/Third_Party/FreeRTOS/Source/tasks.o
                0x08005440                vTaskPlaceOnEventListRestricted
 .text.xTaskRemoveFromEventList
                0x08005498       0xc8 ./Middlewares/Third_Party/FreeRTOS/Source/tasks.o
                0x08005498                xTaskRemoveFromEventList
 .text.vTaskInternalSetTimeOutState
                0x08005560       0x2c ./Middlewares/Third_Party/FreeRTOS/Source/tasks.o
                0x08005560                vTaskInternalSetTimeOutState
 .text.xTaskCheckForTimeOut
                0x0800558c       0xc8 ./Middlewares/Third_Party/FreeRTOS/Source/tasks.o
                0x0800558c                xTaskCheckForTimeOut
 .text.vTaskMissedYield
                0x08005654       0x18 ./Middlewares/Third_Party/FreeRTOS/Source/tasks.o
                0x08005654                vTaskMissedYield
 .text.prvIdleTask
                0x0800566c       0x30 ./Middlewares/Third_Party/FreeRTOS/Source/tasks.o
 .text.prvInitialiseTaskLists
                0x0800569c       0x80 ./Middlewares/Third_Party/FreeRTOS/Source/tasks.o
 .text.prvCheckTasksWaitingTermination
                0x0800571c       0x5c ./Middlewares/Third_Party/FreeRTOS/Source/tasks.o
 .text.prvDeleteTCB
                0x08005778       0x60 ./Middlewares/Third_Party/FreeRTOS/Source/tasks.o
 .text.prvResetNextTaskUnblockTime
                0x080057d8       0x40 ./Middlewares/Third_Party/FreeRTOS/Source/tasks.o
 .text.xTaskGetCurrentTaskHandle
                0x08005818       0x1c ./Middlewares/Third_Party/FreeRTOS/Source/tasks.o
                0x08005818                xTaskGetCurrentTaskHandle
 .text.xTaskGetSchedulerState
                0x08005834       0x3c ./Middlewares/Third_Party/FreeRTOS/Source/tasks.o
                0x08005834                xTaskGetSchedulerState
 .text.xTaskPriorityInherit
                0x08005870       0xd0 ./Middlewares/Third_Party/FreeRTOS/Source/tasks.o
                0x08005870                xTaskPriorityInherit
 .text.xTaskPriorityDisinherit
                0x08005940       0xe0 ./Middlewares/Third_Party/FreeRTOS/Source/tasks.o
                0x08005940                xTaskPriorityDisinherit
 .text.vTaskPriorityDisinheritAfterTimeout
                0x08005a20      0x108 ./Middlewares/Third_Party/FreeRTOS/Source/tasks.o
                0x08005a20                vTaskPriorityDisinheritAfterTimeout
 .text.pvTaskIncrementMutexHeldCount
                0x08005b28       0x28 ./Middlewares/Third_Party/FreeRTOS/Source/tasks.o
                0x08005b28                pvTaskIncrementMutexHeldCount
 .text.prvAddCurrentTaskToDelayedList
                0x08005b50       0xa8 ./Middlewares/Third_Party/FreeRTOS/Source/tasks.o
 .text.xTimerCreateTimerTask
                0x08005bf8       0x94 ./Middlewares/Third_Party/FreeRTOS/Source/timers.o
                0x08005bf8                xTimerCreateTimerTask
 .text.xTimerGenericCommand
                0x08005c8c       0x9c ./Middlewares/Third_Party/FreeRTOS/Source/timers.o
                0x08005c8c                xTimerGenericCommand
 .text.prvProcessExpiredTimer
                0x08005d28       0x9c ./Middlewares/Third_Party/FreeRTOS/Source/timers.o
 .text.prvTimerTask
                0x08005dc4       0x26 ./Middlewares/Third_Party/FreeRTOS/Source/timers.o
 *fill*         0x08005dea        0x2 
 .text.prvProcessTimerOrBlockTask
                0x08005dec       0x9c ./Middlewares/Third_Party/FreeRTOS/Source/timers.o
 .text.prvGetNextExpireTime
                0x08005e88       0x44 ./Middlewares/Third_Party/FreeRTOS/Source/timers.o
 .text.prvSampleTimeNow
                0x08005ecc       0x40 ./Middlewares/Third_Party/FreeRTOS/Source/timers.o
 .text.prvInsertTimerInActiveList
                0x08005f0c       0x84 ./Middlewares/Third_Party/FreeRTOS/Source/timers.o
 .text.prvProcessReceivedCommands
                0x08005f90      0x1cc ./Middlewares/Third_Party/FreeRTOS/Source/timers.o
 .text.prvSwitchTimerLists
                0x0800615c       0xcc ./Middlewares/Third_Party/FreeRTOS/Source/timers.o
 .text.prvCheckForValidListAndQueue
                0x08006228       0x80 ./Middlewares/Third_Party/FreeRTOS/Source/timers.o
 .text.pxPortInitialiseStack
                0x080062a8       0x58 ./Middlewares/Third_Party/FreeRTOS/Source/portable/GCC/ARM_CM3/port.o
                0x080062a8                pxPortInitialiseStack
 .text.prvTaskExitError
                0x08006300       0x58 ./Middlewares/Third_Party/FreeRTOS/Source/portable/GCC/ARM_CM3/port.o
 *fill*         0x08006358        0x8 
 .text.SVC_Handler
                0x08006360       0x28 ./Middlewares/Third_Party/FreeRTOS/Source/portable/GCC/ARM_CM3/port.o
                0x08006360                SVC_Handler
 .text.prvPortStartFirstTask
                0x08006388       0x20 ./Middlewares/Third_Party/FreeRTOS/Source/portable/GCC/ARM_CM3/port.o
 .text.xPortStartScheduler
                0x080063a8       0xe4 ./Middlewares/Third_Party/FreeRTOS/Source/portable/GCC/ARM_CM3/port.o
                0x080063a8                xPortStartScheduler
 .text.vPortEnterCritical
                0x0800648c       0x60 ./Middlewares/Third_Party/FreeRTOS/Source/portable/GCC/ARM_CM3/port.o
                0x0800648c                vPortEnterCritical
 .text.vPortExitCritical
                0x080064ec       0x54 ./Middlewares/Third_Party/FreeRTOS/Source/portable/GCC/ARM_CM3/port.o
                0x080064ec                vPortExitCritical
 .text.PendSV_Handler
                0x08006540       0x48 ./Middlewares/Third_Party/FreeRTOS/Source/portable/GCC/ARM_CM3/port.o
                0x08006540                PendSV_Handler
 .text.xPortSysTickHandler
                0x08006588       0x44 ./Middlewares/Third_Party/FreeRTOS/Source/portable/GCC/ARM_CM3/port.o
                0x08006588                xPortSysTickHandler
 .text.vPortSetupTimerInterrupt
                0x080065cc       0x44 ./Middlewares/Third_Party/FreeRTOS/Source/portable/GCC/ARM_CM3/port.o
                0x080065cc                vPortSetupTimerInterrupt
 .text.vPortValidateInterruptPriority
                0x08006610       0x80 ./Middlewares/Third_Party/FreeRTOS/Source/portable/GCC/ARM_CM3/port.o
                0x08006610                vPortValidateInterruptPriority
 .text.pvPortMalloc
                0x08006690      0x19c ./Middlewares/Third_Party/FreeRTOS/Source/portable/MemMang/heap_4.o
                0x08006690                pvPortMalloc
 .text.vPortFree
                0x0800682c       0xc8 ./Middlewares/Third_Party/FreeRTOS/Source/portable/MemMang/heap_4.o
                0x0800682c                vPortFree
 .text.prvHeapInit
                0x080068f4       0xc4 ./Middlewares/Third_Party/FreeRTOS/Source/portable/MemMang/heap_4.o
 .text.prvInsertBlockIntoFreeList
                0x080069b8       0xb0 ./Middlewares/Third_Party/FreeRTOS/Source/portable/MemMang/heap_4.o
 .text._strtol_l.isra.0
                0x08006a68       0xf4 D:/STM32CubeIDE_2.1.1/STM32CubeIDE/plugins/com.st.stm32cube.ide.mcu.externaltools.gnu-tools-for-stm32.14.3.rel1.win32_1.0.100.202602081740/tools/bin/../lib/gcc/arm-none-eabi/14.3.1/../../../../arm-none-eabi/lib/thumb/v7-m/nofp\libc_nano.a(libc_a-strtol.o)
 .text.strtol   0x08006b5c       0x14 D:/STM32CubeIDE_2.1.1/STM32CubeIDE/plugins/com.st.stm32cube.ide.mcu.externaltools.gnu-tools-for-stm32.14.3.rel1.win32_1.0.100.202602081740/tools/bin/../lib/gcc/arm-none-eabi/14.3.1/../../../../arm-none-eabi/lib/thumb/v7-m/nofp\libc_nano.a(libc_a-strtol.o)
                0x08006b5c                strtol
 .text.sprintf  0x08006b70       0x44 D:/STM32CubeIDE_2.1.1/STM32CubeIDE/plugins/com.st.stm32cube.ide.mcu.externaltools.gnu-tools-for-stm32.14.3.rel1.win32_1.0.100.202602081740/tools/bin/../lib/gcc/arm-none-eabi/14.3.1/../../../../arm-none-eabi/lib/thumb/v7-m/nofp\libc_nano.a(libc_a-sprintf.o)
                0x08006b70                siprintf
                0x08006b70                sprintf
 .text.memset   0x08006bb4       0x10 D:/STM32CubeIDE_2.1.1/STM32CubeIDE/plugins/com.st.stm32cube.ide.mcu.externaltools.gnu-tools-for-stm32.14.3.rel1.win32_1.0.100.202602081740/tools/bin/../lib/gcc/arm-none-eabi/14.3.1/../../../../arm-none-eabi/lib/thumb/v7-m/nofp\libc_nano.a(libc_a-memset.o)
                0x08006bb4                memset
 .text.__errno  0x08006bc4        0xc D:/STM32CubeIDE_2.1.1/STM32CubeIDE/plugins/com.st.stm32cube.ide.mcu.externaltools.gnu-tools-for-stm32.14.3.rel1.win32_1.0.100.202602081740/tools/bin/../lib/gcc/arm-none-eabi/14.3.1/../../../../arm-none-eabi/lib/thumb/v7-m/nofp\libc_nano.a(libc_a-errno.o)
                0x08006bc4                __errno
 .text.__libc_init_array
                0x08006bd0       0x48 D:/STM32CubeIDE_2.1.1/STM32CubeIDE/plugins/com.st.stm32cube.ide.mcu.externaltools.gnu-tools-for-stm32.14.3.rel1.win32_1.0.100.202602081740/tools/bin/../lib/gcc/arm-none-eabi/14.3.1/../../../../arm-none-eabi/lib/thumb/v7-m/nofp\libc_nano.a(libc_a-init.o)
                0x08006bd0                __libc_init_array
 .text.__retarget_lock_acquire_recursive
                0x08006c18        0x2 D:/STM32CubeIDE_2.1.1/STM32CubeIDE/plugins/com.st.stm32cube.ide.mcu.externaltools.gnu-tools-for-stm32.14.3.rel1.win32_1.0.100.202602081740/tools/bin/../lib/gcc/arm-none-eabi/14.3.1/../../../../arm-none-eabi/lib/thumb/v7-m/nofp\libc_nano.a(libc_a-lock.o)
                0x08006c18                __retarget_lock_acquire_recursive
 .text.__retarget_lock_release_recursive
                0x08006c1a        0x2 D:/STM32CubeIDE_2.1.1/STM32CubeIDE/plugins/com.st.stm32cube.ide.mcu.externaltools.gnu-tools-for-stm32.14.3.rel1.win32_1.0.100.202602081740/tools/bin/../lib/gcc/arm-none-eabi/14.3.1/../../../../arm-none-eabi/lib/thumb/v7-m/nofp\libc_nano.a(libc_a-lock.o)
                0x08006c1a                __retarget_lock_release_recursive
 .text.memcpy   0x08006c1c       0x1c D:/STM32CubeIDE_2.1.1/STM32CubeIDE/plugins/com.st.stm32cube.ide.mcu.externaltools.gnu-tools-for-stm32.14.3.rel1.win32_1.0.100.202602081740/tools/bin/../lib/gcc/arm-none-eabi/14.3.1/../../../../arm-none-eabi/lib/thumb/v7-m/nofp\libc_nano.a(libc_a-memcpy-stub.o)
                0x08006c1c                memcpy
 .text._free_r  0x08006c38       0x90 D:/STM32CubeIDE_2.1.1/STM32CubeIDE/plugins/com.st.stm32cube.ide.mcu.externaltools.gnu-tools-for-stm32.14.3.rel1.win32_1.0.100.202602081740/tools/bin/../lib/gcc/arm-none-eabi/14.3.1/../../../../arm-none-eabi/lib/thumb/v7-m/nofp\libc_nano.a(libc_a-freer.o)
                0x08006c38                _free_r
 .text.sbrk_aligned
                0x08006cc8       0x44 D:/STM32CubeIDE_2.1.1/STM32CubeIDE/plugins/com.st.stm32cube.ide.mcu.externaltools.gnu-tools-for-stm32.14.3.rel1.win32_1.0.100.202602081740/tools/bin/../lib/gcc/arm-none-eabi/14.3.1/../../../../arm-none-eabi/lib/thumb/v7-m/nofp\libc_nano.a(libc_a-mallocr.o)
 .text._malloc_r
                0x08006d0c      0x100 D:/STM32CubeIDE_2.1.1/STM32CubeIDE/plugins/com.st.stm32cube.ide.mcu.externaltools.gnu-tools-for-stm32.14.3.rel1.win32_1.0.100.202602081740/tools/bin/../lib/gcc/arm-none-eabi/14.3.1/../../../../arm-none-eabi/lib/thumb/v7-m/nofp\libc_nano.a(libc_a-mallocr.o)
                0x08006d0c                _malloc_r
 .text.__malloc_lock
                0x08006e0c        0xc D:/STM32CubeIDE_2.1.1/STM32CubeIDE/plugins/com.st.stm32cube.ide.mcu.externaltools.gnu-tools-for-stm32.14.3.rel1.win32_1.0.100.202602081740/tools/bin/../lib/gcc/arm-none-eabi/14.3.1/../../../../arm-none-eabi/lib/thumb/v7-m/nofp\libc_nano.a(libc_a-mlock.o)
                0x08006e0c                __malloc_lock
 .text.__malloc_unlock
                0x08006e18        0xc D:/STM32CubeIDE_2.1.1/STM32CubeIDE/plugins/com.st.stm32cube.ide.mcu.externaltools.gnu-tools-for-stm32.14.3.rel1.win32_1.0.100.202602081740/tools/bin/../lib/gcc/arm-none-eabi/14.3.1/../../../../arm-none-eabi/lib/thumb/v7-m/nofp\libc_nano.a(libc_a-mlock.o)
                0x08006e18                __malloc_unlock
 .text.__ssputs_r
                0x08006e24       0xc0 D:/STM32CubeIDE_2.1.1/STM32CubeIDE/plugins/com.st.stm32cube.ide.mcu.externaltools.gnu-tools-for-stm32.14.3.rel1.win32_1.0.100.202602081740/tools/bin/../lib/gcc/arm-none-eabi/14.3.1/../../../../arm-none-eabi/lib/thumb/v7-m/nofp\libc_nano.a(libc_a-nano-svfprintf.o)
                0x08006e24                __ssputs_r
 .text._svfprintf_r
                0x08006ee4      0x1f0 D:/STM32CubeIDE_2.1.1/STM32CubeIDE/plugins/com.st.stm32cube.ide.mcu.externaltools.gnu-tools-for-stm32.14.3.rel1.win32_1.0.100.202602081740/tools/bin/../lib/gcc/arm-none-eabi/14.3.1/../../../../arm-none-eabi/lib/thumb/v7-m/nofp\libc_nano.a(libc_a-nano-svfprintf.o)
                0x08006ee4                _svfiprintf_r
                0x08006ee4                _svfprintf_r
 .text._printf_common
                0x080070d4       0xe4 D:/STM32CubeIDE_2.1.1/STM32CubeIDE/plugins/com.st.stm32cube.ide.mcu.externaltools.gnu-tools-for-stm32.14.3.rel1.win32_1.0.100.202602081740/tools/bin/../lib/gcc/arm-none-eabi/14.3.1/../../../../arm-none-eabi/lib/thumb/v7-m/nofp\libc_nano.a(libc_a-nano-vfprintf_i.o)
                0x080070d4                _printf_common
 .text._printf_i
                0x080071b8      0x24c D:/STM32CubeIDE_2.1.1/STM32CubeIDE/plugins/com.st.stm32cube.ide.mcu.externaltools.gnu-tools-for-stm32.14.3.rel1.win32_1.0.100.202602081740/tools/bin/../lib/gcc/arm-none-eabi/14.3.1/../../../../arm-none-eabi/lib/thumb/v7-m/nofp\libc_nano.a(libc_a-nano-vfprintf_i.o)
                0x080071b8                _printf_i
 .text.memmove  0x08007404       0x32 D:/STM32CubeIDE_2.1.1/STM32CubeIDE/plugins/com.st.stm32cube.ide.mcu.externaltools.gnu-tools-for-stm32.14.3.rel1.win32_1.0.100.202602081740/tools/bin/../lib/gcc/arm-none-eabi/14.3.1/../../../../arm-none-eabi/lib/thumb/v7-m/nofp\libc_nano.a(libc_a-memmove.o)
                0x08007404                memmove
 *fill*         0x08007436        0x2 
 .text._sbrk_r  0x08007438       0x20 D:/STM32CubeIDE_2.1.1/STM32CubeIDE/plugins/com.st.stm32cube.ide.mcu.externaltools.gnu-tools-for-stm32.14.3.rel1.win32_1.0.100.202602081740/tools/bin/../lib/gcc/arm-none-eabi/14.3.1/../../../../arm-none-eabi/lib/thumb/v7-m/nofp\libc_nano.a(libc_a-sbrkr.o)
                0x08007438                _sbrk_r
 .text.memchr   0x08007458       0x1c D:/STM32CubeIDE_2.1.1/STM32CubeIDE/plugins/com.st.stm32cube.ide.mcu.externaltools.gnu-tools-for-stm32.14.3.rel1.win32_1.0.100.202602081740/tools/bin/../lib/gcc/arm-none-eabi/14.3.1/../../../../arm-none-eabi/lib/thumb/v7-m/nofp\libc_nano.a(libc_a-memchr-stub.o)
                0x08007458                memchr
 .text._realloc_r
                0x08007474       0x5c D:/STM32CubeIDE_2.1.1/STM32CubeIDE/plugins/com.st.stm32cube.ide.mcu.externaltools.gnu-tools-for-stm32.14.3.rel1.win32_1.0.100.202602081740/tools/bin/../lib/gcc/arm-none-eabi/14.3.1/../../../../arm-none-eabi/lib/thumb/v7-m/nofp\libc_nano.a(libc_a-reallocr.o)
                0x08007474                _realloc_r
 .text._malloc_usable_size_r
                0x080074d0       0x10 D:/STM32CubeIDE_2.1.1/STM32CubeIDE/plugins/com.st.stm32cube.ide.mcu.externaltools.gnu-tools-for-stm32.14.3.rel1.win32_1.0.100.202602081740/tools/bin/../lib/gcc/arm-none-eabi/14.3.1/../../../../arm-none-eabi/lib/thumb/v7-m/nofp\libc_nano.a(libc_a-msizer.o)
                0x080074d0                _malloc_usable_size_r
 *(.glue_7)
 .glue_7        0x080074e0        0x0 linker stubs
 *(.glue_7t)
 .glue_7t       0x080074e0        0x0 linker stubs
 *(.eh_frame)
 .eh_frame      0x080074e0        0x0 D:/STM32CubeIDE_2.1.1/STM32CubeIDE/plugins/com.st.stm32cube.ide.mcu.externaltools.gnu-tools-for-stm32.14.3.rel1.win32_1.0.100.202602081740/tools/bin/../lib/gcc/arm-none-eabi/14.3.1/thumb/v7-m/nofp/crtbegin.o
 *(.init)
 .init          0x080074e0        0x4 D:/STM32CubeIDE_2.1.1/STM32CubeIDE/plugins/com.st.stm32cube.ide.mcu.externaltools.gnu-tools-for-stm32.14.3.rel1.win32_1.0.100.202602081740/tools/bin/../lib/gcc/arm-none-eabi/14.3.1/thumb/v7-m/nofp/crti.o
                0x080074e0                _init
 .init          0x080074e4        0x8 D:/STM32CubeIDE_2.1.1/STM32CubeIDE/plugins/com.st.stm32cube.ide.mcu.externaltools.gnu-tools-for-stm32.14.3.rel1.win32_1.0.100.202602081740/tools/bin/../lib/gcc/arm-none-eabi/14.3.1/thumb/v7-m/nofp/crtn.o
 *(.fini)
 .fini          0x080074ec        0x4 D:/STM32CubeIDE_2.1.1/STM32CubeIDE/plugins/com.st.stm32cube.ide.mcu.externaltools.gnu-tools-for-stm32.14.3.rel1.win32_1.0.100.202602081740/tools/bin/../lib/gcc/arm-none-eabi/14.3.1/thumb/v7-m/nofp/crti.o
                0x080074ec                _fini
 .fini          0x080074f0        0x8 D:/STM32CubeIDE_2.1.1/STM32CubeIDE/plugins/com.st.stm32cube.ide.mcu.externaltools.gnu-tools-for-stm32.14.3.rel1.win32_1.0.100.202602081740/tools/bin/../lib/gcc/arm-none-eabi/14.3.1/thumb/v7-m/nofp/crtn.o
                0x080074f8                        . = ALIGN (0x4)
                0x080074f8                        _etext = .

.vfp11_veneer   0x080074f8        0x0
 .vfp11_veneer  0x080074f8        0x0 linker stubs

.v4_bx          0x080074f8        0x0
 .v4_bx         0x080074f8        0x0 linker stubs

.iplt           0x080074f8        0x0
 .iplt          0x080074f8        0x0 D:/STM32CubeIDE_2.1.1/STM32CubeIDE/plugins/com.st.stm32cube.ide.mcu.externaltools.gnu-tools-for-stm32.14.3.rel1.win32_1.0.100.202602081740/tools/bin/../lib/gcc/arm-none-eabi/14.3.1/thumb/v7-m/nofp/crtbegin.o

.rodata         0x080074f8      0x298
                0x080074f8                        . = ALIGN (0x4)
 *(.rodata)
 .rodata        0x080074f8       0x72 ./Core/Src/freertos.o
 *fill*         0x0800756a        0x2 
 .rodata        0x0800756c       0x40 ./Core/Src/main.o
 .rodata        0x080075ac        0x5 ./Middlewares/Third_Party/FreeRTOS/Source/tasks.o
 *fill*         0x080075b1        0x3 
 .rodata        0x080075b4        0xd ./Middlewares/Third_Party/FreeRTOS/Source/timers.o
 *(.rodata*)
 *fill*         0x080075c1        0x3 
 .rodata.defaultTask_attributes
                0x080075c4       0x24 ./Core/Src/main.o
                0x080075c4                defaultTask_attributes
 .rodata.CANTxTask_attributes
                0x080075e8       0x24 ./Core/Src/main.o
                0x080075e8                CANTxTask_attributes
 .rodata.UARTLogTask_attributes
                0x0800760c       0x24 ./Core/Src/main.o
                0x0800760c                UARTLogTask_attributes
 .rodata.AHBPrescTable
                0x08007630       0x10 ./Core/Src/system_stm32f1xx.o
                0x08007630                AHBPrescTable
 .rodata.APBPrescTable
                0x08007640        0x8 ./Core/Src/system_stm32f1xx.o
                0x08007640                APBPrescTable
 .rodata.aPLLMULFactorTable.1
                0x08007648       0x10 ./Drivers/STM32F1xx_HAL_Driver/Src/stm32f1xx_hal_rcc.o
 .rodata.aPredivFactorTable.0
                0x08007658        0x2 ./Drivers/STM32F1xx_HAL_Driver/Src/stm32f1xx_hal_rcc.o
 .rodata._ctype_
                0x0800765a      0x101 D:/STM32CubeIDE_2.1.1/STM32CubeIDE/plugins/com.st.stm32cube.ide.mcu.externaltools.gnu-tools-for-stm32.14.3.rel1.win32_1.0.100.202602081740/tools/bin/../lib/gcc/arm-none-eabi/14.3.1/../../../../arm-none-eabi/lib/thumb/v7-m/nofp\libc_nano.a(libc_a-ctype_.o)
                0x0800765a                _ctype_
 .rodata._svfprintf_r.str1.1
                0x0800775b       0x33 D:/STM32CubeIDE_2.1.1/STM32CubeIDE/plugins/com.st.stm32cube.ide.mcu.externaltools.gnu-tools-for-stm32.14.3.rel1.win32_1.0.100.202602081740/tools/bin/../lib/gcc/arm-none-eabi/14.3.1/../../../../arm-none-eabi/lib/thumb/v7-m/nofp\libc_nano.a(libc_a-nano-svfprintf.o)
                                 0x11 (size before relaxing)
 .rodata._printf_i.str1.1
                0x0800778e       0x22 D:/STM32CubeIDE_2.1.1/STM32CubeIDE/plugins/com.st.stm32cube.ide.mcu.externaltools.gnu-tools-for-stm32.14.3.rel1.win32_1.0.100.202602081740/tools/bin/../lib/gcc/arm-none-eabi/14.3.1/../../../../arm-none-eabi/lib/thumb/v7-m/nofp\libc_nano.a(libc_a-nano-vfprintf_i.o)
                0x080077b0                        . = ALIGN (0x4)
 *fill*         0x0800778e        0x2 

.ARM.extab      0x08007790        0x0
                0x08007790                        . = ALIGN (0x4)
 *(.ARM.extab* .gnu.linkonce.armextab.*)
                0x08007790                        . = ALIGN (0x4)

.ARM            0x08007790        0x8
                0x08007790                        . = ALIGN (0x4)
                0x08007790                        __exidx_start = .
 *(.ARM.exidx*)
 .ARM.exidx     0x08007790        0x8 D:/STM32CubeIDE_2.1.1/STM32CubeIDE/plugins/com.st.stm32cube.ide.mcu.externaltools.gnu-tools-for-stm32.14.3.rel1.win32_1.0.100.202602081740/tools/bin/../lib/gcc/arm-none-eabi/14.3.1/../../../../arm-none-eabi/lib/thumb/v7-m/nofp\libc_nano.a(libc_a-strlen.o)
                0x08007798                        __exidx_end = .
                0x08007798                        . = ALIGN (0x4)

.preinit_array  0x08007798        0x0
                0x08007798                        . = ALIGN (0x4)
                0x08007798                        PROVIDE (__preinit_array_start = .)
 *(.preinit_array*)
                0x08007798                        PROVIDE (__preinit_array_end = .)
                0x08007798                        . = ALIGN (0x4)

.init_array     0x08007798        0x4
                0x08007798                        . = ALIGN (0x4)
                0x08007798                        PROVIDE (__init_array_start = .)
 *(SORT_BY_NAME(.init_array.*))
 *(.init_array*)
 .init_array    0x08007798        0x4 D:/STM32CubeIDE_2.1.1/STM32CubeIDE/plugins/com.st.stm32cube.ide.mcu.externaltools.gnu-tools-for-stm32.14.3.rel1.win32_1.0.100.202602081740/tools/bin/../lib/gcc/arm-none-eabi/14.3.1/thumb/v7-m/nofp/crtbegin.o
                0x0800779c                        PROVIDE (__init_array_end = .)
                0x0800779c                        . = ALIGN (0x4)

.fini_array     0x0800779c        0x4
                0x0800779c                        . = ALIGN (0x4)
                [!provide]                        PROVIDE (__fini_array_start = .)
 *(SORT_BY_NAME(.fini_array.*))
 *(.fini_array*)
 .fini_array    0x0800779c        0x4 D:/STM32CubeIDE_2.1.1/STM32CubeIDE/plugins/com.st.stm32cube.ide.mcu.externaltools.gnu-tools-for-stm32.14.3.rel1.win32_1.0.100.202602081740/tools/bin/../lib/gcc/arm-none-eabi/14.3.1/thumb/v7-m/nofp/crtbegin.o
                [!provide]                        PROVIDE (__fini_array_end = .)
                0x080077a0                        . = ALIGN (0x4)
                0x080077a0                        _sidata = LOADADDR (.data)

.rel.dyn        0x080077a0        0x0
 .rel.iplt      0x080077a0        0x0 D:/STM32CubeIDE_2.1.1/STM32CubeIDE/plugins/com.st.stm32cube.ide.mcu.externaltools.gnu-tools-for-stm32.14.3.rel1.win32_1.0.100.202602081740/tools/bin/../lib/gcc/arm-none-eabi/14.3.1/thumb/v7-m/nofp/crtbegin.o

.data           0x20000000       0x60 load address 0x080077a0
                0x20000000                        . = ALIGN (0x4)
                0x20000000                        _sdata = .
 *(.data)
 *(.data*)
 .data.SystemCoreClock
                0x20000000        0x4 ./Core/Src/system_stm32f1xx.o
                0x20000000                SystemCoreClock
 .data.uwTickPrio
                0x20000004        0x4 ./Drivers/STM32F1xx_HAL_Driver/Src/stm32f1xx_hal.o
                0x20000004                uwTickPrio
 .data.uwTickFreq
                0x20000008        0x1 ./Drivers/STM32F1xx_HAL_Driver/Src/stm32f1xx_hal.o
                0x20000008                uwTickFreq
 *fill*         0x20000009        0x3 
 .data.uxCriticalNesting
                0x2000000c        0x4 ./Middlewares/Third_Party/FreeRTOS/Source/portable/GCC/ARM_CM3/port.o
 .data._impure_ptr
                0x20000010        0x4 D:/STM32CubeIDE_2.1.1/STM32CubeIDE/plugins/com.st.stm32cube.ide.mcu.externaltools.gnu-tools-for-stm32.14.3.rel1.win32_1.0.100.202602081740/tools/bin/../lib/gcc/arm-none-eabi/14.3.1/../../../../arm-none-eabi/lib/thumb/v7-m/nofp\libc_nano.a(libc_a-impure.o)
                0x20000010                _impure_ptr
 .data._impure_data
                0x20000014       0x4c D:/STM32CubeIDE_2.1.1/STM32CubeIDE/plugins/com.st.stm32cube.ide.mcu.externaltools.gnu-tools-for-stm32.14.3.rel1.win32_1.0.100.202602081740/tools/bin/../lib/gcc/arm-none-eabi/14.3.1/../../../../arm-none-eabi/lib/thumb/v7-m/nofp\libc_nano.a(libc_a-impure.o)
                0x20000014                _impure_data
 *(.RamFunc)
 *(.RamFunc*)
                0x20000060                        . = ALIGN (0x4)
                0x20000060                        _edata = .

.igot.plt       0x20000060        0x0 load address 0x08007800
 .igot.plt      0x20000060        0x0 D:/STM32CubeIDE_2.1.1/STM32CubeIDE/plugins/com.st.stm32cube.ide.mcu.externaltools.gnu-tools-for-stm32.14.3.rel1.win32_1.0.100.202602081740/tools/bin/../lib/gcc/arm-none-eabi/14.3.1/thumb/v7-m/nofp/crtbegin.o
                0x20000060                        . = ALIGN (0x4)

.bss            0x20000060     0x27b8 load address 0x08007800
                0x20000060                        _sbss = .
                0x20000060                        __bss_start__ = _sbss
 *(.bss)
 .bss           0x20000060       0x1c D:/STM32CubeIDE_2.1.1/STM32CubeIDE/plugins/com.st.stm32cube.ide.mcu.externaltools.gnu-tools-for-stm32.14.3.rel1.win32_1.0.100.202602081740/tools/bin/../lib/gcc/arm-none-eabi/14.3.1/thumb/v7-m/nofp/crtbegin.o
 *(.bss*)
 .bss.spiMutexHandle
                0x2000007c        0x4 ./Core/Src/freertos.o
                0x2000007c                spiMutexHandle
 .bss.can_open  0x20000080        0x1 ./Core/Src/freertos.o
 .bss.uart_rx_byte
                0x20000081        0x1 ./Core/Src/freertos.o
 *fill*         0x20000082        0x2 
 .bss.cmd_buf   0x20000084       0x20 ./Core/Src/freertos.o
 .bss.cmd_pos   0x200000a4        0x4 ./Core/Src/freertos.o
 .bss.cmd_ready
                0x200000a8        0x1 ./Core/Src/freertos.o
 *fill*         0x200000a9        0x3 
 .bss.pending_cmd
                0x200000ac       0x20 ./Core/Src/freertos.o
 .bss.hspi1     0x200000cc       0x58 ./Core/Src/main.o
                0x200000cc                hspi1
 .bss.huart1    0x20000124       0x48 ./Core/Src/main.o
                0x20000124                huart1
 .bss.defaultTaskHandle
                0x2000016c        0x4 ./Core/Src/main.o
                0x2000016c                defaultTaskHandle
 .bss.CANTxTaskHandle
                0x20000170        0x4 ./Core/Src/main.o
                0x20000170                CANTxTaskHandle
 .bss.UARTLogTaskHandle
                0x20000174        0x4 ./Core/Src/main.o
                0x20000174                UARTLogTaskHandle
 .bss.__sbrk_heap_end
                0x20000178        0x4 ./Core/Src/sysmem.o
 .bss.uwTick    0x2000017c        0x4 ./Drivers/STM32F1xx_HAL_Driver/Src/stm32f1xx_hal.o
                0x2000017c                uwTick
 .bss.KernelState
                0x20000180        0x4 ./Middlewares/Third_Party/FreeRTOS/Source/CMSIS_RTOS_V2/cmsis_os2.o
 .bss.Idle_TCB.3
                0x20000184       0x5c ./Middlewares/Third_Party/FreeRTOS/Source/CMSIS_RTOS_V2/cmsis_os2.o
 .bss.Idle_Stack.2
                0x200001e0      0x200 ./Middlewares/Third_Party/FreeRTOS/Source/CMSIS_RTOS_V2/cmsis_os2.o
 .bss.Timer_TCB.1
                0x200003e0       0x5c ./Middlewares/Third_Party/FreeRTOS/Source/CMSIS_RTOS_V2/cmsis_os2.o
 .bss.Timer_Stack.0
                0x2000043c      0x400 ./Middlewares/Third_Party/FreeRTOS/Source/CMSIS_RTOS_V2/cmsis_os2.o
 .bss.xQueueRegistry
                0x2000083c       0x40 ./Middlewares/Third_Party/FreeRTOS/Source/queue.o
                0x2000083c                xQueueRegistry
 .bss.pxCurrentTCB
                0x2000087c        0x4 ./Middlewares/Third_Party/FreeRTOS/Source/tasks.o
                0x2000087c                pxCurrentTCB
 .bss.pxReadyTasksLists
                0x20000880      0x460 ./Middlewares/Third_Party/FreeRTOS/Source/tasks.o
 .bss.xDelayedTaskList1
                0x20000ce0       0x14 ./Middlewares/Third_Party/FreeRTOS/Source/tasks.o
 .bss.xDelayedTaskList2
                0x20000cf4       0x14 ./Middlewares/Third_Party/FreeRTOS/Source/tasks.o
 .bss.pxDelayedTaskList
                0x20000d08        0x4 ./Middlewares/Third_Party/FreeRTOS/Source/tasks.o
 .bss.pxOverflowDelayedTaskList
                0x20000d0c        0x4 ./Middlewares/Third_Party/FreeRTOS/Source/tasks.o
 .bss.xPendingReadyList
                0x20000d10       0x14 ./Middlewares/Third_Party/FreeRTOS/Source/tasks.o
 .bss.xTasksWaitingTermination
                0x20000d24       0x14 ./Middlewares/Third_Party/FreeRTOS/Source/tasks.o
 .bss.uxDeletedTasksWaitingCleanUp
                0x20000d38        0x4 ./Middlewares/Third_Party/FreeRTOS/Source/tasks.o
 .bss.xSuspendedTaskList
                0x20000d3c       0x14 ./Middlewares/Third_Party/FreeRTOS/Source/tasks.o
 .bss.uxCurrentNumberOfTasks
                0x20000d50        0x4 ./Middlewares/Third_Party/FreeRTOS/Source/tasks.o
 .bss.xTickCount
                0x20000d54        0x4 ./Middlewares/Third_Party/FreeRTOS/Source/tasks.o
 .bss.uxTopReadyPriority
                0x20000d58        0x4 ./Middlewares/Third_Party/FreeRTOS/Source/tasks.o
 .bss.xSchedulerRunning
                0x20000d5c        0x4 ./Middlewares/Third_Party/FreeRTOS/Source/tasks.o
 .bss.xPendedTicks
                0x20000d60        0x4 ./Middlewares/Third_Party/FreeRTOS/Source/tasks.o
 .bss.xYieldPending
                0x20000d64        0x4 ./Middlewares/Third_Party/FreeRTOS/Source/tasks.o
 .bss.xNumOfOverflows
                0x20000d68        0x4 ./Middlewares/Third_Party/FreeRTOS/Source/tasks.o
 .bss.uxTaskNumber
                0x20000d6c        0x4 ./Middlewares/Third_Party/FreeRTOS/Source/tasks.o
 .bss.xNextTaskUnblockTime
                0x20000d70        0x4 ./Middlewares/Third_Party/FreeRTOS/Source/tasks.o
 .bss.xIdleTaskHandle
                0x20000d74        0x4 ./Middlewares/Third_Party/FreeRTOS/Source/tasks.o
 .bss.uxSchedulerSuspended
                0x20000d78        0x4 ./Middlewares/Third_Party/FreeRTOS/Source/tasks.o
 .bss.xActiveTimerList1
                0x20000d7c       0x14 ./Middlewares/Third_Party/FreeRTOS/Source/timers.o
 .bss.xActiveTimerList2
                0x20000d90       0x14 ./Middlewares/Third_Party/FreeRTOS/Source/timers.o
 .bss.pxCurrentTimerList
                0x20000da4        0x4 ./Middlewares/Third_Party/FreeRTOS/Source/timers.o
 .bss.pxOverflowTimerList
                0x20000da8        0x4 ./Middlewares/Third_Party/FreeRTOS/Source/timers.o
 .bss.xTimerQueue
                0x20000dac        0x4 ./Middlewares/Third_Party/FreeRTOS/Source/timers.o
 .bss.xTimerTaskHandle
                0x20000db0        0x4 ./Middlewares/Third_Party/FreeRTOS/Source/timers.o
 .bss.xLastTime.2
                0x20000db4        0x4 ./Middlewares/Third_Party/FreeRTOS/Source/timers.o
 .bss.ucStaticTimerQueueStorage.1
                0x20000db8       0xa0 ./Middlewares/Third_Party/FreeRTOS/Source/timers.o
 .bss.xStaticTimerQueue.0
                0x20000e58       0x50 ./Middlewares/Third_Party/FreeRTOS/Source/timers.o
 .bss.ucMaxSysCallPriority
                0x20000ea8        0x1 ./Middlewares/Third_Party/FreeRTOS/Source/portable/GCC/ARM_CM3/port.o
 *fill*         0x20000ea9        0x3 
 .bss.ulMaxPRIGROUPValue
                0x20000eac        0x4 ./Middlewares/Third_Party/FreeRTOS/Source/portable/GCC/ARM_CM3/port.o
 .bss.ucHeap    0x20000eb0     0x1800 ./Middlewares/Third_Party/FreeRTOS/Source/portable/MemMang/heap_4.o
 .bss.xStart    0x200026b0        0x8 ./Middlewares/Third_Party/FreeRTOS/Source/portable/MemMang/heap_4.o
 .bss.pxEnd     0x200026b8        0x4 ./Middlewares/Third_Party/FreeRTOS/Source/portable/MemMang/heap_4.o
 .bss.xFreeBytesRemaining
                0x200026bc        0x4 ./Middlewares/Third_Party/FreeRTOS/Source/portable/MemMang/heap_4.o
 .bss.xMinimumEverFreeBytesRemaining
                0x200026c0        0x4 ./Middlewares/Third_Party/FreeRTOS/Source/portable/MemMang/heap_4.o
 .bss.xNumberOfSuccessfulAllocations
                0x200026c4        0x4 ./Middlewares/Third_Party/FreeRTOS/Source/portable/MemMang/heap_4.o
 .bss.xNumberOfSuccessfulFrees
                0x200026c8        0x4 ./Middlewares/Third_Party/FreeRTOS/Source/portable/MemMang/heap_4.o
 .bss.xBlockAllocatedBit
                0x200026cc        0x4 ./Middlewares/Third_Party/FreeRTOS/Source/portable/MemMang/heap_4.o
 .bss.__sf      0x200026d0      0x138 D:/STM32CubeIDE_2.1.1/STM32CubeIDE/plugins/com.st.stm32cube.ide.mcu.externaltools.gnu-tools-for-stm32.14.3.rel1.win32_1.0.100.202602081740/tools/bin/../lib/gcc/arm-none-eabi/14.3.1/../../../../arm-none-eabi/lib/thumb/v7-m/nofp\libc_nano.a(libc_a-findfp.o)
                0x200026d0                __sf
 .bss.errno     0x20002808        0x4 D:/STM32CubeIDE_2.1.1/STM32CubeIDE/plugins/com.st.stm32cube.ide.mcu.externaltools.gnu-tools-for-stm32.14.3.rel1.win32_1.0.100.202602081740/tools/bin/../lib/gcc/arm-none-eabi/14.3.1/../../../../arm-none-eabi/lib/thumb/v7-m/nofp\libc_nano.a(libc_a-reent.o)
                0x20002808                errno
 .bss.__lock___malloc_recursive_mutex
                0x2000280c        0x1 D:/STM32CubeIDE_2.1.1/STM32CubeIDE/plugins/com.st.stm32cube.ide.mcu.externaltools.gnu-tools-for-stm32.14.3.rel1.win32_1.0.100.202602081740/tools/bin/../lib/gcc/arm-none-eabi/14.3.1/../../../../arm-none-eabi/lib/thumb/v7-m/nofp\libc_nano.a(libc_a-lock.o)
                0x2000280c                __lock___malloc_recursive_mutex
 *fill*         0x2000280d        0x3 
 .bss.__malloc_sbrk_start
                0x20002810        0x4 D:/STM32CubeIDE_2.1.1/STM32CubeIDE/plugins/com.st.stm32cube.ide.mcu.externaltools.gnu-tools-for-stm32.14.3.rel1.win32_1.0.100.202602081740/tools/bin/../lib/gcc/arm-none-eabi/14.3.1/../../../../arm-none-eabi/lib/thumb/v7-m/nofp\libc_nano.a(libc_a-mallocr.o)
                0x20002810                __malloc_sbrk_start
 .bss.__malloc_free_list
                0x20002814        0x4 D:/STM32CubeIDE_2.1.1/STM32CubeIDE/plugins/com.st.stm32cube.ide.mcu.externaltools.gnu-tools-for-stm32.14.3.rel1.win32_1.0.100.202602081740/tools/bin/../lib/gcc/arm-none-eabi/14.3.1/../../../../arm-none-eabi/lib/thumb/v7-m/nofp\libc_nano.a(libc_a-mallocr.o)
                0x20002814                __malloc_free_list
 *(COMMON)
                0x20002818                        . = ALIGN (0x4)
                0x20002818                        _ebss = .
                0x20002818                        __bss_end__ = _ebss

._user_heap_stack
                0x20002818      0x600 load address 0x08007800
                0x20002818                        . = ALIGN (0x8)
                [!provide]                        PROVIDE (end = .)
                0x20002818                        PROVIDE (_end = .)
                0x20002a18                        . = (. + _Min_Heap_Size)
 *fill*         0x20002818      0x200 
                0x20002e18                        . = (. + _Min_Stack_Size)
 *fill*         0x20002a18      0x400 
                0x20002e18                        . = ALIGN (0x8)

/DISCARD/
 libc.a(*)
 libm.a(*)
 libgcc.a(*)

.ARM.attributes
                0x00000000       0x29
 *(.ARM.attributes)
 .ARM.attributes
                0x00000000       0x1d D:/STM32CubeIDE_2.1.1/STM32CubeIDE/plugins/com.st.stm32cube.ide.mcu.externaltools.gnu-tools-for-stm32.14.3.rel1.win32_1.0.100.202602081740/tools/bin/../lib/gcc/arm-none-eabi/14.3.1/thumb/v7-m/nofp/crti.o
 .ARM.attributes
                0x0000001d       0x2d D:/STM32CubeIDE_2.1.1/STM32CubeIDE/plugins/com.st.stm32cube.ide.mcu.externaltools.gnu-tools-for-stm32.14.3.rel1.win32_1.0.100.202602081740/tools/bin/../lib/gcc/arm-none-eabi/14.3.1/thumb/v7-m/nofp/crtbegin.o
 .ARM.attributes
                0x0000004a       0x2d ./Core/Src/freertos.o
 .ARM.attributes
                0x00000077       0x2d ./Core/Src/main.o
 .ARM.attributes
                0x000000a4       0x2d ./Core/Src/mcp2515.o
 .ARM.attributes
                0x000000d1       0x2d ./Core/Src/stm32f1xx_hal_msp.o
 .ARM.attributes
                0x000000fe       0x2d ./Core/Src/stm32f1xx_it.o
 .ARM.attributes
                0x0000012b       0x2d ./Core/Src/sysmem.o
 .ARM.attributes
                0x00000158       0x2d ./Core/Src/system_stm32f1xx.o
 .ARM.attributes
                0x00000185       0x21 ./Core/Startup/startup_stm32f103c8tx.o
 .ARM.attributes
                0x000001a6       0x2d ./Drivers/STM32F1xx_HAL_Driver/Src/stm32f1xx_hal.o
 .ARM.attributes
                0x000001d3       0x2d ./Drivers/STM32F1xx_HAL_Driver/Src/stm32f1xx_hal_cortex.o
 .ARM.attributes
                0x00000200       0x2d ./Drivers/STM32F1xx_HAL_Driver/Src/stm32f1xx_hal_dma.o
 .ARM.attributes
                0x0000022d       0x2d ./Drivers/STM32F1xx_HAL_Driver/Src/stm32f1xx_hal_gpio.o
 .ARM.attributes
                0x0000025a       0x2d ./Drivers/STM32F1xx_HAL_Driver/Src/stm32f1xx_hal_rcc.o
 .ARM.attributes
                0x00000287       0x2d ./Drivers/STM32F1xx_HAL_Driver/Src/stm32f1xx_hal_spi.o
 .ARM.attributes
                0x000002b4       0x2d ./Drivers/STM32F1xx_HAL_Driver/Src/stm32f1xx_hal_uart.o
 .ARM.attributes
                0x000002e1       0x2d ./Middlewares/Third_Party/FreeRTOS/Source/CMSIS_RTOS_V2/cmsis_os2.o
 .ARM.attributes
                0x0000030e       0x2d ./Middlewares/Third_Party/FreeRTOS/Source/list.o
 .ARM.attributes
                0x0000033b       0x2d ./Middlewares/Third_Party/FreeRTOS/Source/queue.o
 .ARM.attributes
                0x00000368       0x2d ./Middlewares/Third_Party/FreeRTOS/Source/tasks.o
 .ARM.attributes
                0x00000395       0x2d ./Middlewares/Third_Party/FreeRTOS/Source/timers.o
 .ARM.attributes
                0x000003c2       0x2d ./Middlewares/Third_Party/FreeRTOS/Source/portable/GCC/ARM_CM3/port.o
 .ARM.attributes
                0x000003ef       0x2d ./Middlewares/Third_Party/FreeRTOS/Source/portable/MemMang/heap_4.o
 .ARM.attributes
                0x0000041c       0x2d D:/STM32CubeIDE_2.1.1/STM32CubeIDE/plugins/com.st.stm32cube.ide.mcu.externaltools.gnu-tools-for-stm32.14.3.rel1.win32_1.0.100.202602081740/tools/bin/../lib/gcc/arm-none-eabi/14.3.1/../../../../arm-none-eabi/lib/thumb/v7-m/nofp\libc_nano.a(libc_a-strtol.o)
 .ARM.attributes
                0x00000449       0x2d D:/STM32CubeIDE_2.1.1/STM32CubeIDE/plugins/com.st.stm32cube.ide.mcu.externaltools.gnu-tools-for-stm32.14.3.rel1.win32_1.0.100.202602081740/tools/bin/../lib/gcc/arm-none-eabi/14.3.1/../../../../arm-none-eabi/lib/thumb/v7-m/nofp\libc_nano.a(libc_a-ctype_.o)
 .ARM.attributes
                0x00000476       0x2d D:/STM32CubeIDE_2.1.1/STM32CubeIDE/plugins/com.st.stm32cube.ide.mcu.externaltools.gnu-tools-for-stm32.14.3.rel1.win32_1.0.100.202602081740/tools/bin/../lib/gcc/arm-none-eabi/14.3.1/../../../../arm-none-eabi/lib/thumb/v7-m/nofp\libc_nano.a(libc_a-findfp.o)
 .ARM.attributes
                0x000004a3       0x2d D:/STM32CubeIDE_2.1.1/STM32CubeIDE/plugins/com.st.stm32cube.ide.mcu.externaltools.gnu-tools-for-stm32.14.3.rel1.win32_1.0.100.202602081740/tools/bin/../lib/gcc/arm-none-eabi/14.3.1/../../../../arm-none-eabi/lib/thumb/v7-m/nofp\libc_nano.a(libc_a-sprintf.o)
 .ARM.attributes
                0x000004d0       0x2d D:/STM32CubeIDE_2.1.1/STM32CubeIDE/plugins/com.st.stm32cube.ide.mcu.externaltools.gnu-tools-for-stm32.14.3.rel1.win32_1.0.100.202602081740/tools/bin/../lib/gcc/arm-none-eabi/14.3.1/../../../../arm-none-eabi/lib/thumb/v7-m/nofp\libc_nano.a(libc_a-memset.o)
 .ARM.attributes
                0x000004fd       0x2d D:/STM32CubeIDE_2.1.1/STM32CubeIDE/plugins/com.st.stm32cube.ide.mcu.externaltools.gnu-tools-for-stm32.14.3.rel1.win32_1.0.100.202602081740/tools/bin/../lib/gcc/arm-none-eabi/14.3.1/../../../../arm-none-eabi/lib/thumb/v7-m/nofp\libc_nano.a(libc_a-reent.o)
 .ARM.attributes
                0x0000052a       0x2d D:/STM32CubeIDE_2.1.1/STM32CubeIDE/plugins/com.st.stm32cube.ide.mcu.externaltools.gnu-tools-for-stm32.14.3.rel1.win32_1.0.100.202602081740/tools/bin/../lib/gcc/arm-none-eabi/14.3.1/../../../../arm-none-eabi/lib/thumb/v7-m/nofp\libc_nano.a(libc_a-impure.o)
 .ARM.attributes
                0x00000557       0x2d D:/STM32CubeIDE_2.1.1/STM32CubeIDE/plugins/com.st.stm32cube.ide.mcu.externaltools.gnu-tools-for-stm32.14.3.rel1.win32_1.0.100.202602081740/tools/bin/../lib/gcc/arm-none-eabi/14.3.1/../../../../arm-none-eabi/lib/thumb/v7-m/nofp\libc_nano.a(libc_a-errno.o)
 .ARM.attributes
                0x00000584       0x2d D:/STM32CubeIDE_2.1.1/STM32CubeIDE/plugins/com.st.stm32cube.ide.mcu.externaltools.gnu-tools-for-stm32.14.3.rel1.win32_1.0.100.202602081740/tools/bin/../lib/gcc/arm-none-eabi/14.3.1/../../../../arm-none-eabi/lib/thumb/v7-m/nofp\libc_nano.a(libc_a-init.o)
 .ARM.attributes
                0x000005b1       0x2d D:/STM32CubeIDE_2.1.1/STM32CubeIDE/plugins/com.st.stm32cube.ide.mcu.externaltools.gnu-tools-for-stm32.14.3.rel1.win32_1.0.100.202602081740/tools/bin/../lib/gcc/arm-none-eabi/14.3.1/../../../../arm-none-eabi/lib/thumb/v7-m/nofp\libc_nano.a(libc_a-lock.o)
 .ARM.attributes
                0x000005de       0x2d D:/STM32CubeIDE_2.1.1/STM32CubeIDE/plugins/com.st.stm32cube.ide.mcu.externaltools.gnu-tools-for-stm32.14.3.rel1.win32_1.0.100.202602081740/tools/bin/../lib/gcc/arm-none-eabi/14.3.1/../../../../arm-none-eabi/lib/thumb/v7-m/nofp\libc_nano.a(libc_a-memcpy-stub.o)
 .ARM.attributes
                0x0000060b       0x17 D:/STM32CubeIDE_2.1.1/STM32CubeIDE/plugins/com.st.stm32cube.ide.mcu.externaltools.gnu-tools-for-stm32.14.3.rel1.win32_1.0.100.202602081740/tools/bin/../lib/gcc/arm-none-eabi/14.3.1/../../../../arm-none-eabi/lib/thumb/v7-m/nofp\libc_nano.a(libc_a-strlen.o)
 .ARM.attributes
                0x00000622       0x2d D:/STM32CubeIDE_2.1.1/STM32CubeIDE/plugins/com.st.stm32cube.ide.mcu.externaltools.gnu-tools-for-stm32.14.3.rel1.win32_1.0.100.202602081740/tools/bin/../lib/gcc/arm-none-eabi/14.3.1/../../../../arm-none-eabi/lib/thumb/v7-m/nofp\libc_nano.a(libc_a-freer.o)
 .ARM.attributes
                0x0000064f       0x2d D:/STM32CubeIDE_2.1.1/STM32CubeIDE/plugins/com.st.stm32cube.ide.mcu.externaltools.gnu-tools-for-stm32.14.3.rel1.win32_1.0.100.202602081740/tools/bin/../lib/gcc/arm-none-eabi/14.3.1/../../../../arm-none-eabi/lib/thumb/v7-m/nofp\libc_nano.a(libc_a-mallocr.o)
 .ARM.attributes
                0x0000067c       0x2d D:/STM32CubeIDE_2.1.1/STM32CubeIDE/plugins/com.st.stm32cube.ide.mcu.externaltools.gnu-tools-for-stm32.14.3.rel1.win32_1.0.100.202602081740/tools/bin/../lib/gcc/arm-none-eabi/14.3.1/../../../../arm-none-eabi/lib/thumb/v7-m/nofp\libc_nano.a(libc_a-mlock.o)
 .ARM.attributes
                0x000006a9       0x2d D:/STM32CubeIDE_2.1.1/STM32CubeIDE/plugins/com.st.stm32cube.ide.mcu.externaltools.gnu-tools-for-stm32.14.3.rel1.win32_1.0.100.202602081740/tools/bin/../lib/gcc/arm-none-eabi/14.3.1/../../../../arm-none-eabi/lib/thumb/v7-m/nofp\libc_nano.a(libc_a-nano-svfprintf.o)
 .ARM.attributes
                0x000006d6       0x2d D:/STM32CubeIDE_2.1.1/STM32CubeIDE/plugins/com.st.stm32cube.ide.mcu.externaltools.gnu-tools-for-stm32.14.3.rel1.win32_1.0.100.202602081740/tools/bin/../lib/gcc/arm-none-eabi/14.3.1/../../../../arm-none-eabi/lib/thumb/v7-m/nofp\libc_nano.a(libc_a-nano-vfprintf_i.o)
 .ARM.attributes
                0x00000703       0x2d D:/STM32CubeIDE_2.1.1/STM32CubeIDE/plugins/com.st.stm32cube.ide.mcu.externaltools.gnu-tools-for-stm32.14.3.rel1.win32_1.0.100.202602081740/tools/bin/../lib/gcc/arm-none-eabi/14.3.1/../../../../arm-none-eabi/lib/thumb/v7-m/nofp\libc_nano.a(libc_a-memmove.o)
 .ARM.attributes
                0x00000730       0x2d D:/STM32CubeIDE_2.1.1/STM32CubeIDE/plugins/com.st.stm32cube.ide.mcu.externaltools.gnu-tools-for-stm32.14.3.rel1.win32_1.0.100.202602081740/tools/bin/../lib/gcc/arm-none-eabi/14.3.1/../../../../arm-none-eabi/lib/thumb/v7-m/nofp\libc_nano.a(libc_a-sbrkr.o)
 .ARM.attributes
                0x0000075d       0x2d D:/STM32CubeIDE_2.1.1/STM32CubeIDE/plugins/com.st.stm32cube.ide.mcu.externaltools.gnu-tools-for-stm32.14.3.rel1.win32_1.0.100.202602081740/tools/bin/../lib/gcc/arm-none-eabi/14.3.1/../../../../arm-none-eabi/lib/thumb/v7-m/nofp\libc_nano.a(libc_a-memchr-stub.o)
 .ARM.attributes
                0x0000078a       0x2d D:/STM32CubeIDE_2.1.1/STM32CubeIDE/plugins/com.st.stm32cube.ide.mcu.externaltools.gnu-tools-for-stm32.14.3.rel1.win32_1.0.100.202602081740/tools/bin/../lib/gcc/arm-none-eabi/14.3.1/../../../../arm-none-eabi/lib/thumb/v7-m/nofp\libc_nano.a(libc_a-reallocr.o)
 .ARM.attributes
                0x000007b7       0x2d D:/STM32CubeIDE_2.1.1/STM32CubeIDE/plugins/com.st.stm32cube.ide.mcu.externaltools.gnu-tools-for-stm32.14.3.rel1.win32_1.0.100.202602081740/tools/bin/../lib/gcc/arm-none-eabi/14.3.1/../../../../arm-none-eabi/lib/thumb/v7-m/nofp\libc_nano.a(libc_a-msizer.o)
 .ARM.attributes
                0x000007e4       0x1d D:/STM32CubeIDE_2.1.1/STM32CubeIDE/plugins/com.st.stm32cube.ide.mcu.externaltools.gnu-tools-for-stm32.14.3.rel1.win32_1.0.100.202602081740/tools/bin/../lib/gcc/arm-none-eabi/14.3.1/thumb/v7-m/nofp/crtn.o
OUTPUT(LED_Blink.elf elf32-littlearm)
LOAD linker stubs
LOAD D:/STM32CubeIDE_2.1.1/STM32CubeIDE/plugins/com.st.stm32cube.ide.mcu.externaltools.gnu-tools-for-stm32.14.3.rel1.win32_1.0.100.202602081740/tools/bin/../lib/gcc/arm-none-eabi/14.3.1/../../../../arm-none-eabi/lib/thumb/v7-m/nofp\libc.a
LOAD D:/STM32CubeIDE_2.1.1/STM32CubeIDE/plugins/com.st.stm32cube.ide.mcu.externaltools.gnu-tools-for-stm32.14.3.rel1.win32_1.0.100.202602081740/tools/bin/../lib/gcc/arm-none-eabi/14.3.1/../../../../arm-none-eabi/lib/thumb/v7-m/nofp\libm.a
LOAD D:/STM32CubeIDE_2.1.1/STM32CubeIDE/plugins/com.st.stm32cube.ide.mcu.externaltools.gnu-tools-for-stm32.14.3.rel1.win32_1.0.100.202602081740/tools/bin/../lib/gcc/arm-none-eabi/14.3.1/thumb/v7-m/nofp\libgcc.a

.debug_info     0x00000000    0x141ac
 .debug_info    0x00000000      0xee4 ./Core/Src/freertos.o
 .debug_info    0x00000ee4     0x105b ./Core/Src/main.o
 .debug_info    0x00001f3f      0xb27 ./Core/Src/mcp2515.o
 .debug_info    0x00002a66      0xc72 ./Core/Src/stm32f1xx_hal_msp.o
 .debug_info    0x000036d8      0x5f3 ./Core/Src/stm32f1xx_it.o
 .debug_info    0x00003ccb      0x168 ./Core/Src/sysmem.o
 .debug_info    0x00003e33      0x222 ./Core/Src/system_stm32f1xx.o
 .debug_info    0x00004055       0x30 ./Core/Startup/startup_stm32f103c8tx.o
 .debug_info    0x00004085      0x704 ./Drivers/STM32F1xx_HAL_Driver/Src/stm32f1xx_hal.o
 .debug_info    0x00004789      0xa87 ./Drivers/STM32F1xx_HAL_Driver/Src/stm32f1xx_hal_cortex.o
 .debug_info    0x00005210      0x6d2 ./Drivers/STM32F1xx_HAL_Driver/Src/stm32f1xx_hal_dma.o
 .debug_info    0x000058e2      0x5ab ./Drivers/STM32F1xx_HAL_Driver/Src/stm32f1xx_hal_gpio.o
 .debug_info    0x00005e8d      0x7d5 ./Drivers/STM32F1xx_HAL_Driver/Src/stm32f1xx_hal_rcc.o
 .debug_info    0x00006662     0x142d ./Drivers/STM32F1xx_HAL_Driver/Src/stm32f1xx_hal_spi.o
 .debug_info    0x00007a8f     0x2eed ./Drivers/STM32F1xx_HAL_Driver/Src/stm32f1xx_hal_uart.o
 .debug_info    0x0000a97c     0x39dd ./Middlewares/Third_Party/FreeRTOS/Source/CMSIS_RTOS_V2/cmsis_os2.o
 .debug_info    0x0000e359      0x2af ./Middlewares/Third_Party/FreeRTOS/Source/list.o
 .debug_info    0x0000e608     0x1b79 ./Middlewares/Third_Party/FreeRTOS/Source/queue.o
 .debug_info    0x00010181     0x223a ./Middlewares/Third_Party/FreeRTOS/Source/tasks.o
 .debug_info    0x000123bb     0x1488 ./Middlewares/Third_Party/FreeRTOS/Source/timers.o
 .debug_info    0x00013843      0x494 ./Middlewares/Third_Party/FreeRTOS/Source/portable/GCC/ARM_CM3/port.o
 .debug_info    0x00013cd7      0x4d5 ./Middlewares/Third_Party/FreeRTOS/Source/portable/MemMang/heap_4.o

.debug_abbrev   0x00000000     0x332f
 .debug_abbrev  0x00000000      0x261 ./Core/Src/freertos.o
 .debug_abbrev  0x00000261      0x2fb ./Core/Src/main.o
 .debug_abbrev  0x0000055c      0x255 ./Core/Src/mcp2515.o
 .debug_abbrev  0x000007b1      0x1cb ./Core/Src/stm32f1xx_hal_msp.o
 .debug_abbrev  0x0000097c      0x19e ./Core/Src/stm32f1xx_it.o
 .debug_abbrev  0x00000b1a       0xbc ./Core/Src/sysmem.o
 .debug_abbrev  0x00000bd6      0x13f ./Core/Src/system_stm32f1xx.o
 .debug_abbrev  0x00000d15       0x24 ./Core/Startup/startup_stm32f103c8tx.o
 .debug_abbrev  0x00000d39      0x201 ./Drivers/STM32F1xx_HAL_Driver/Src/stm32f1xx_hal.o
 .debug_abbrev  0x00000f3a      0x2f8 ./Drivers/STM32F1xx_HAL_Driver/Src/stm32f1xx_hal_cortex.o
 .debug_abbrev  0x00001232      0x20b ./Drivers/STM32F1xx_HAL_Driver/Src/stm32f1xx_hal_dma.o
 .debug_abbrev  0x0000143d      0x1ca ./Drivers/STM32F1xx_HAL_Driver/Src/stm32f1xx_hal_gpio.o
 .debug_abbrev  0x00001607      0x2b3 ./Drivers/STM32F1xx_HAL_Driver/Src/stm32f1xx_hal_rcc.o
 .debug_abbrev  0x000018ba      0x27a ./Drivers/STM32F1xx_HAL_Driver/Src/stm32f1xx_hal_spi.o
 .debug_abbrev  0x00001b34      0x2f8 ./Drivers/STM32F1xx_HAL_Driver/Src/stm32f1xx_hal_uart.o
 .debug_abbrev  0x00001e2c      0x50b ./Middlewares/Third_Party/FreeRTOS/Source/CMSIS_RTOS_V2/cmsis_os2.o
 .debug_abbrev  0x00002337       0xf5 ./Middlewares/Third_Party/FreeRTOS/Source/list.o
 .debug_abbrev  0x0000242c      0x3b6 ./Middlewares/Third_Party/FreeRTOS/Source/queue.o
 .debug_abbrev  0x000027e2      0x386 ./Middlewares/Third_Party/FreeRTOS/Source/tasks.o
 .debug_abbrev  0x00002b68      0x352 ./Middlewares/Third_Party/FreeRTOS/Source/timers.o
 .debug_abbrev  0x00002eba      0x258 ./Middlewares/Third_Party/FreeRTOS/Source/portable/GCC/ARM_CM3/port.o
 .debug_abbrev  0x00003112      0x21d ./Middlewares/Third_Party/FreeRTOS/Source/portable/MemMang/heap_4.o

.debug_aranges  0x00000000     0x1138
 .debug_aranges
                0x00000000       0x60 ./Core/Src/freertos.o
 .debug_aranges
                0x00000060       0x48 ./Core/Src/main.o
 .debug_aranges
                0x000000a8       0x58 ./Core/Src/mcp2515.o
 .debug_aranges
                0x00000100       0x40 ./Core/Src/stm32f1xx_hal_msp.o
 .debug_aranges
                0x00000140       0x58 ./Core/Src/stm32f1xx_it.o
 .debug_aranges
                0x00000198       0x20 ./Core/Src/sysmem.o
 .debug_aranges
                0x000001b8       0x28 ./Core/Src/system_stm32f1xx.o
 .debug_aranges
                0x000001e0       0x28 ./Core/Startup/startup_stm32f103c8tx.o
 .debug_aranges
                0x00000208       0xe0 ./Drivers/STM32F1xx_HAL_Driver/Src/stm32f1xx_hal.o
 .debug_aranges
                0x000002e8      0x100 ./Drivers/STM32F1xx_HAL_Driver/Src/stm32f1xx_hal_cortex.o
 .debug_aranges
                0x000003e8       0x80 ./Drivers/STM32F1xx_HAL_Driver/Src/stm32f1xx_hal_dma.o
 .debug_aranges
                0x00000468       0x58 ./Drivers/STM32F1xx_HAL_Driver/Src/stm32f1xx_hal_gpio.o
 .debug_aranges
                0x000004c0       0x90 ./Drivers/STM32F1xx_HAL_Driver/Src/stm32f1xx_hal_rcc.o
 .debug_aranges
                0x00000550      0x1d0 ./Drivers/STM32F1xx_HAL_Driver/Src/stm32f1xx_hal_spi.o
 .debug_aranges
                0x00000720      0x208 ./Drivers/STM32F1xx_HAL_Driver/Src/stm32f1xx_hal_uart.o
 .debug_aranges
                0x00000928      0x2b0 ./Middlewares/Third_Party/FreeRTOS/Source/CMSIS_RTOS_V2/cmsis_os2.o
 .debug_aranges
                0x00000bd8       0x40 ./Middlewares/Third_Party/FreeRTOS/Source/list.o
 .debug_aranges
                0x00000c18      0x158 ./Middlewares/Third_Party/FreeRTOS/Source/queue.o
 .debug_aranges
                0x00000d70      0x208 ./Middlewares/Third_Party/FreeRTOS/Source/tasks.o
 .debug_aranges
                0x00000f78       0xf0 ./Middlewares/Third_Party/FreeRTOS/Source/timers.o
 .debug_aranges
                0x00001068       0x78 ./Middlewares/Third_Party/FreeRTOS/Source/portable/GCC/ARM_CM3/port.o
 .debug_aranges
                0x000010e0       0x58 ./Middlewares/Third_Party/FreeRTOS/Source/portable/MemMang/heap_4.o

.debug_rnglists
                0x00000000      0xd38
 .debug_rnglists
                0x00000000       0x47 ./Core/Src/freertos.o
 .debug_rnglists
                0x00000047       0x34 ./Core/Src/main.o
 .debug_rnglists
                0x0000007b       0x3f ./Core/Src/mcp2515.o
 .debug_rnglists
                0x000000ba       0x2d ./Core/Src/stm32f1xx_hal_msp.o
 .debug_rnglists
                0x000000e7       0x3d ./Core/Src/stm32f1xx_it.o
 .debug_rnglists
                0x00000124       0x13 ./Core/Src/sysmem.o
 .debug_rnglists
                0x00000137       0x1a ./Core/Src/system_stm32f1xx.o
 .debug_rnglists
                0x00000151       0x19 ./Core/Startup/startup_stm32f103c8tx.o
 .debug_rnglists
                0x0000016a       0xa3 ./Drivers/STM32F1xx_HAL_Driver/Src/stm32f1xx_hal.o
 .debug_rnglists
                0x0000020d       0xbb ./Drivers/STM32F1xx_HAL_Driver/Src/stm32f1xx_hal_cortex.o
 .debug_rnglists
                0x000002c8       0x64 ./Drivers/STM32F1xx_HAL_Driver/Src/stm32f1xx_hal_dma.o
 .debug_rnglists
                0x0000032c       0x3f ./Drivers/STM32F1xx_HAL_Driver/Src/stm32f1xx_hal_gpio.o
 .debug_rnglists
                0x0000036b       0x6c ./Drivers/STM32F1xx_HAL_Driver/Src/stm32f1xx_hal_rcc.o
 .debug_rnglists
                0x000003d7      0x16e ./Drivers/STM32F1xx_HAL_Driver/Src/stm32f1xx_hal_spi.o
 .debug_rnglists
                0x00000545      0x1bc ./Drivers/STM32F1xx_HAL_Driver/Src/stm32f1xx_hal_uart.o
 .debug_rnglists
                0x00000701      0x212 ./Middlewares/Third_Party/FreeRTOS/Source/CMSIS_RTOS_V2/cmsis_os2.o
 .debug_rnglists
                0x00000913       0x2b ./Middlewares/Third_Party/FreeRTOS/Source/list.o
 .debug_rnglists
                0x0000093e      0x109 ./Middlewares/Third_Party/FreeRTOS/Source/queue.o
 .debug_rnglists
                0x00000a47      0x1a0 ./Middlewares/Third_Party/FreeRTOS/Source/tasks.o
 .debug_rnglists
                0x00000be7       0xb8 ./Middlewares/Third_Party/FreeRTOS/Source/timers.o
 .debug_rnglists
                0x00000c9f       0x57 ./Middlewares/Third_Party/FreeRTOS/Source/portable/GCC/ARM_CM3/port.o
 .debug_rnglists
                0x00000cf6       0x42 ./Middlewares/Third_Party/FreeRTOS/Source/portable/MemMang/heap_4.o

.debug_macro    0x00000000    0x19930
 .debug_macro   0x00000000      0x376 ./Core/Src/freertos.o
 .debug_macro   0x00000376      0xacc ./Core/Src/freertos.o
 .debug_macro   0x00000e42      0x190 ./Core/Src/freertos.o
 .debug_macro   0x00000fd2       0x22 ./Core/Src/freertos.o
 .debug_macro   0x00000ff4       0x8e ./Core/Src/freertos.o
 .debug_macro   0x00001082       0x51 ./Core/Src/freertos.o
 .debug_macro   0x000010d3      0x103 ./Core/Src/freertos.o
 .debug_macro   0x000011d6       0x6a ./Core/Src/freertos.o
 .debug_macro   0x00001240      0x1df ./Core/Src/freertos.o
 .debug_macro   0x0000141f      0x145 ./Core/Src/freertos.o
 .debug_macro   0x00001564      0x15a ./Core/Src/freertos.o
 .debug_macro   0x000016be       0xc9 ./Core/Src/freertos.o
 .debug_macro   0x00001787       0x1c ./Core/Src/freertos.o
 .debug_macro   0x000017a3       0x26 ./Core/Src/freertos.o
 .debug_macro   0x000017c9      0x4d3 ./Core/Src/freertos.o
 .debug_macro   0x00001c9c       0xb5 ./Core/Src/freertos.o
 .debug_macro   0x00001d51       0xaa ./Core/Src/freertos.o
 .debug_macro   0x00001dfb      0x21b ./Core/Src/freertos.o
 .debug_macro   0x00002016       0x2e ./Core/Src/freertos.o
 .debug_macro   0x00002044       0x22 ./Core/Src/freertos.o
 .debug_macro   0x00002066       0x1c ./Core/Src/freertos.o
 .debug_macro   0x00002082       0x22 ./Core/Src/freertos.o
 .debug_macro   0x000020a4       0xbd ./Core/Src/freertos.o
 .debug_macro   0x00002161      0xd23 ./Core/Src/freertos.o
 .debug_macro   0x00002e84     0xe09e ./Core/Src/freertos.o
 .debug_macro   0x00010f22       0x6d ./Core/Src/freertos.o
 .debug_macro   0x00010f8f     0x34a2 ./Core/Src/freertos.o
 .debug_macro   0x00014431       0x5c ./Core/Src/freertos.o
 .debug_macro   0x0001448d      0x5bc ./Core/Src/freertos.o
 .debug_macro   0x00014a49      0x289 ./Core/Src/freertos.o
 .debug_macro   0x00014cd2      0x1cb ./Core/Src/freertos.o
 .debug_macro   0x00014e9d      0x114 ./Core/Src/freertos.o
 .debug_macro   0x00014fb1      0x1b2 ./Core/Src/freertos.o
 .debug_macro   0x00015163       0x27 ./Core/Src/freertos.o
 .debug_macro   0x0001518a      0x136 ./Core/Src/freertos.o
 .debug_macro   0x000152c0      0x1bc ./Core/Src/freertos.o
 .debug_macro   0x0001547c       0x34 ./Core/Src/freertos.o
 .debug_macro   0x000154b0       0x3c ./Core/Src/freertos.o
 .debug_macro   0x000154ec       0x57 ./Core/Src/freertos.o
 .debug_macro   0x00015543       0x87 ./Core/Src/freertos.o
 .debug_macro   0x000155ca      0x240 ./Core/Src/freertos.o
 .debug_macro   0x0001580a      0x140 ./Core/Src/freertos.o
 .debug_macro   0x0001594a      0x217 ./Core/Src/freertos.o
 .debug_macro   0x00015b61      0x28e ./Core/Src/freertos.o
 .debug_macro   0x00015def       0x83 ./Core/Src/freertos.o
 .debug_macro   0x00015e72       0x6c ./Core/Src/freertos.o
 .debug_macro   0x00015ede       0x74 ./Core/Src/freertos.o
 .debug_macro   0x00015f52       0xdd ./Core/Src/freertos.o
 .debug_macro   0x0001602f       0x61 ./Core/Src/freertos.o
 .debug_macro   0x00016090       0x24 ./Core/Src/freertos.o
 .debug_macro   0x000160b4       0x43 ./Core/Src/freertos.o
 .debug_macro   0x000160f7       0x34 ./Core/Src/freertos.o
 .debug_macro   0x0001612b       0x16 ./Core/Src/freertos.o
 .debug_macro   0x00016141       0x3c ./Core/Src/freertos.o
 .debug_macro   0x0001617d      0x364 ./Core/Src/freertos.o
 .debug_macro   0x000164e1       0x10 ./Core/Src/freertos.o
 .debug_macro   0x000164f1       0x16 ./Core/Src/freertos.o
 .debug_macro   0x00016507       0x4a ./Core/Src/freertos.o
 .debug_macro   0x00016551       0x34 ./Core/Src/freertos.o
 .debug_macro   0x00016585       0x10 ./Core/Src/freertos.o
 .debug_macro   0x00016595       0x58 ./Core/Src/freertos.o
 .debug_macro   0x000165ed       0x8e ./Core/Src/freertos.o
 .debug_macro   0x0001667b       0x1c ./Core/Src/freertos.o
 .debug_macro   0x00016697      0x17e ./Core/Src/freertos.o
 .debug_macro   0x00016815       0x16 ./Core/Src/freertos.o
 .debug_macro   0x0001682b       0x16 ./Core/Src/freertos.o
 .debug_macro   0x00016841      0x146 ./Core/Src/freertos.o
 .debug_macro   0x00016987       0x16 ./Core/Src/freertos.o
 .debug_macro   0x0001699d       0x20 ./Core/Src/freertos.o
 .debug_macro   0x000169bd       0x16 ./Core/Src/freertos.o
 .debug_macro   0x000169d3       0x16 ./Core/Src/freertos.o
 .debug_macro   0x000169e9       0x29 ./Core/Src/freertos.o
 .debug_macro   0x00016a12      0x348 ./Core/Src/main.o
 .debug_macro   0x00016d5a      0x145 ./Core/Src/main.o
 .debug_macro   0x00016e9f       0x66 ./Core/Src/main.o
 .debug_macro   0x00016f05      0x2b4 ./Core/Src/mcp2515.o
 .debug_macro   0x000171b9      0x1a2 ./Core/Src/stm32f1xx_hal_msp.o
 .debug_macro   0x0001735b      0x214 ./Core/Src/stm32f1xx_it.o
 .debug_macro   0x0001756f      0x112 ./Core/Src/sysmem.o
 .debug_macro   0x00017681      0x23c ./Core/Src/sysmem.o
 .debug_macro   0x000178bd      0x198 ./Core/Src/system_stm32f1xx.o
 .debug_macro   0x00017a55      0x1bc ./Drivers/STM32F1xx_HAL_Driver/Src/stm32f1xx_hal.o
 .debug_macro   0x00017c11      0x198 ./Drivers/STM32F1xx_HAL_Driver/Src/stm32f1xx_hal_cortex.o
 .debug_macro   0x00017da9      0x198 ./Drivers/STM32F1xx_HAL_Driver/Src/stm32f1xx_hal_dma.o
 .debug_macro   0x00017f41      0x203 ./Drivers/STM32F1xx_HAL_Driver/Src/stm32f1xx_hal_gpio.o
 .debug_macro   0x00018144      0x1aa ./Drivers/STM32F1xx_HAL_Driver/Src/stm32f1xx_hal_rcc.o
 .debug_macro   0x000182ee      0x1a0 ./Drivers/STM32F1xx_HAL_Driver/Src/stm32f1xx_hal_spi.o
 .debug_macro   0x0001848e      0x199 ./Drivers/STM32F1xx_HAL_Driver/Src/stm32f1xx_hal_uart.o
 .debug_macro   0x00018627      0x394 ./Middlewares/Third_Party/FreeRTOS/Source/CMSIS_RTOS_V2/cmsis_os2.o
 .debug_macro   0x000189bb       0x10 ./Middlewares/Third_Party/FreeRTOS/Source/CMSIS_RTOS_V2/cmsis_os2.o
 .debug_macro   0x000189cb       0x10 ./Middlewares/Third_Party/FreeRTOS/Source/CMSIS_RTOS_V2/cmsis_os2.o
 .debug_macro   0x000189db       0xb7 ./Middlewares/Third_Party/FreeRTOS/Source/CMSIS_RTOS_V2/cmsis_os2.o
 .debug_macro   0x00018a92       0x91 ./Middlewares/Third_Party/FreeRTOS/Source/CMSIS_RTOS_V2/cmsis_os2.o
 .debug_macro   0x00018b23       0x8d ./Middlewares/Third_Party/FreeRTOS/Source/CMSIS_RTOS_V2/cmsis_os2.o
 .debug_macro   0x00018bb0       0x9a ./Middlewares/Third_Party/FreeRTOS/Source/CMSIS_RTOS_V2/cmsis_os2.o
 .debug_macro   0x00018c4a       0x22 ./Middlewares/Third_Party/FreeRTOS/Source/CMSIS_RTOS_V2/cmsis_os2.o
 .debug_macro   0x00018c6c       0x56 ./Middlewares/Third_Party/FreeRTOS/Source/CMSIS_RTOS_V2/cmsis_os2.o
 .debug_macro   0x00018cc2       0x28 ./Middlewares/Third_Party/FreeRTOS/Source/CMSIS_RTOS_V2/cmsis_os2.o
 .debug_macro   0x00018cea      0x187 ./Middlewares/Third_Party/FreeRTOS/Source/list.o
 .debug_macro   0x00018e71      0x216 ./Middlewares/Third_Party/FreeRTOS/Source/queue.o
 .debug_macro   0x00019087       0x87 ./Middlewares/Third_Party/FreeRTOS/Source/queue.o
 .debug_macro   0x0001910e      0x27f ./Middlewares/Third_Party/FreeRTOS/Source/tasks.o
 .debug_macro   0x0001938d       0x10 ./Middlewares/Third_Party/FreeRTOS/Source/tasks.o
 .debug_macro   0x0001939d      0x1dc ./Middlewares/Third_Party/FreeRTOS/Source/timers.o
 .debug_macro   0x00019579       0x97 ./Middlewares/Third_Party/FreeRTOS/Source/timers.o
 .debug_macro   0x00019610      0x172 ./Middlewares/Third_Party/FreeRTOS/Source/portable/GCC/ARM_CM3/port.o
 .debug_macro   0x00019782      0x1ae ./Middlewares/Third_Party/FreeRTOS/Source/portable/MemMang/heap_4.o

.debug_line     0x00000000    0x1399f
 .debug_line    0x00000000      0xca9 ./Core/Src/freertos.o
 .debug_line    0x00000ca9      0xb2d ./Core/Src/main.o
 .debug_line    0x000017d6      0x97e ./Core/Src/mcp2515.o
 .debug_line    0x00002154      0x785 ./Core/Src/stm32f1xx_hal_msp.o
 .debug_line    0x000028d9      0x88a ./Core/Src/stm32f1xx_it.o
 .debug_line    0x00003163      0x57e ./Core/Src/sysmem.o
 .debug_line    0x000036e1      0x759 ./Core/Src/system_stm32f1xx.o
 .debug_line    0x00003e3a       0x78 ./Core/Startup/startup_stm32f103c8tx.o
 .debug_line    0x00003eb2      0x98d ./Drivers/STM32F1xx_HAL_Driver/Src/stm32f1xx_hal.o
 .debug_line    0x0000483f      0xb54 ./Drivers/STM32F1xx_HAL_Driver/Src/stm32f1xx_hal_cortex.o
 .debug_line    0x00005393      0xd94 ./Drivers/STM32F1xx_HAL_Driver/Src/stm32f1xx_hal_dma.o
 .debug_line    0x00006127      0x9e4 ./Drivers/STM32F1xx_HAL_Driver/Src/stm32f1xx_hal_gpio.o
 .debug_line    0x00006b0b      0xe43 ./Drivers/STM32F1xx_HAL_Driver/Src/stm32f1xx_hal_rcc.o
 .debug_line    0x0000794e     0x1c21 ./Drivers/STM32F1xx_HAL_Driver/Src/stm32f1xx_hal_spi.o
 .debug_line    0x0000956f     0x24a6 ./Drivers/STM32F1xx_HAL_Driver/Src/stm32f1xx_hal_uart.o
 .debug_line    0x0000ba15     0x24ae ./Middlewares/Third_Party/FreeRTOS/Source/CMSIS_RTOS_V2/cmsis_os2.o
 .debug_line    0x0000dec3      0x781 ./Middlewares/Third_Party/FreeRTOS/Source/list.o
 .debug_line    0x0000e644     0x1715 ./Middlewares/Third_Party/FreeRTOS/Source/queue.o
 .debug_line    0x0000fd59     0x1d11 ./Middlewares/Third_Party/FreeRTOS/Source/tasks.o
 .debug_line    0x00011a6a      0xdef ./Middlewares/Third_Party/FreeRTOS/Source/timers.o
 .debug_line    0x00012859      0x7af ./Middlewares/Third_Party/FreeRTOS/Source/portable/GCC/ARM_CM3/port.o
 .debug_line    0x00013008      0x997 ./Middlewares/Third_Party/FreeRTOS/Source/portable/MemMang/heap_4.o

.debug_str      0x00000000    0x8e7a9
 .debug_str     0x00000000    0x8e7a9 ./Core/Src/freertos.o
                              0x86835 (size before relaxing)
 .debug_str     0x0008e7a9    0x86c93 ./Core/Src/main.o
 .debug_str     0x0008e7a9    0x81c9b ./Core/Src/mcp2515.o
 .debug_str     0x0008e7a9    0x7e79c ./Core/Src/stm32f1xx_hal_msp.o
 .debug_str     0x0008e7a9    0x82000 ./Core/Src/stm32f1xx_it.o
 .debug_str     0x0008e7a9     0x7695 ./Core/Src/sysmem.o
 .debug_str     0x0008e7a9    0x7de7c ./Core/Src/system_stm32f1xx.o
 .debug_str     0x0008e7a9       0x65 ./Core/Startup/startup_stm32f103c8tx.o
 .debug_str     0x0008e7a9    0x7e5af ./Drivers/STM32F1xx_HAL_Driver/Src/stm32f1xx_hal.o
 .debug_str     0x0008e7a9    0x7e4fb ./Drivers/STM32F1xx_HAL_Driver/Src/stm32f1xx_hal_cortex.o
 .debug_str     0x0008e7a9    0x7e225 ./Drivers/STM32F1xx_HAL_Driver/Src/stm32f1xx_hal_dma.o