../Core/Src/main.c:24:6:MCP2515_Select	8	static
../Core/Src/main.c:27:6:MCP2515_Deselect	8	static
../Core/Src/main.c:30:9:MCP2515_ReadRegister	24	static
../Core/Src/main.c:39:6:MCP2515_WriteRegister	24	static
../Core/Src/main.c:47:6:MCP2515_Reset	16	static
../Core/Src/main.c:54:6:MCP2515_Init	8	static
../Core/Src/main.c:68:9:MCP2515_Receive	48	static
../Core/Src/main.c:90:5:main	120	static
../Core/Src/main.c:136:6:SystemClock_Config	72	static
../Core/Src/main.c:157:13:MX_SPI1_Init	8	static
../Core/Src/main.c:174:13:MX_USART1_UART_Init	8	static
../Core/Src/main.c:187:13:MX_GPIO_Init	40	static
../Core/Src/main.c:209:6:Error_Handler	4	static,ignoring_inline_asm
